scripts/kconfig/conf --silentoldconfig Kconfig
  CHK     include/linux/version.h
  UPD     include/linux/version.h
  CHK     include/generated/utsrelease.h
  UPD     include/generated/utsrelease.h
  CC      scripts/mod/empty.o
  HOSTCC  scripts/mod/mk_elfconfig
  HOSTCC  scripts/kallsyms
  MKELF   scripts/mod/elfconfig.h
  HOSTCC  scripts/mod/file2alias.o
  HOSTCC  scripts/conmakehash
  Generating include/generated/mach-types.h
  CC      kernel/bounds.s
  HOSTCC  scripts/mod/modpost.o
  GEN     include/generated/bounds.h
  CC      arch/arm/kernel/asm-offsets.s
  HOSTCC  scripts/mod/sumversion.o
  HOSTLD  scripts/mod/modpost
  GEN     include/generated/asm-offsets.h
  CALL    scripts/checksyscalls.sh
  CC      init/main.o
  HOSTCC  usr/gen_init_cpio
  GEN     usr/initramfs_data.cpio
  AS      usr/initramfs_data.o
  LD      usr/built-in.o
  CHK     include/generated/compile.h
  CC      init/do_mounts.o
  UPD     include/generated/compile.h
  CC      init/do_mounts_rd.o
  CC      init/do_mounts_initrd.o
  CC      init/initramfs.o
  CC      init/calibrate.o
  CC      init/version.o
  LD      init/mounts.o
  CC      arch/arm/vfp/vfpmodule.o
  LD      init/built-in.o
  CC      arch/arm/kernel/elf.o
  AS      arch/arm/kernel/entry-armv.o
  AS      arch/arm/vfp/entry.o
  AS      arch/arm/vfp/vfphw.o
  CC      arch/arm/vfp/vfpsingle.o
  AS      arch/arm/kernel/entry-common.o
  CC      arch/arm/kernel/irq.o
  CC      arch/arm/kernel/process.o
  CC      arch/arm/vfp/vfpdouble.o
  CC      arch/arm/kernel/ptrace.o
  CC      arch/arm/kernel/return_address.o
  LD      arch/arm/vfp/vfp.o
  LD      arch/arm/vfp/built-in.o
  CC      arch/arm/kernel/setup.o
  CC      arch/arm/mm/extable.o
  CC      arch/arm/mm/fault.o
  CC      arch/arm/kernel/signal.o
  CC      arch/arm/mm/iomap.o
  CC      arch/arm/mm/dma-mapping.o
  CC      arch/arm/kernel/sys_arm.o
  CC      arch/arm/kernel/stacktrace.o
  CC      arch/arm/kernel/time.o
  CC      arch/arm/mm/init.o
  CC      arch/arm/kernel/traps.o
  CC      arch/arm/mm/fault-armv.o
  CC      arch/arm/kernel/armksyms.o
  CC      arch/arm/mm/flush.o
  CC      arch/arm/kernel/module.o
  CC      arch/arm/mm/idmap.o
  AS      arch/arm/kernel/sleep.o
  CC      arch/arm/kernel/smp.o
  CC      arch/arm/mm/ioremap.o
  CC      arch/arm/mm/mmap.o
  CC      arch/arm/kernel/smp_tlb.o
  CC      arch/arm/kernel/smp_scu.o
  CC      arch/arm/mm/pgd.o
  CC      arch/arm/kernel/sys_oabi-compat.o
  CC      arch/arm/mm/vmregion.o
  CC      arch/arm/mm/mmu.o
  CC      arch/arm/kernel/swp_emulate.o
  CC      arch/arm/mm/proc-syms.o
  CC      arch/arm/kernel/pmu.o
  CC      arch/arm/kernel/topology.o
  CC      arch/arm/mm/alignment.o
arch/arm/mm/alignment.c: In function 'do_alignment':
arch/arm/mm/alignment.c:720:21: warning: 'offset.un' may be used uninitialized in this function
  CC      arch/arm/mm/highmem.o
  CC      arch/arm/kernel/io.o
  AS      arch/arm/kernel/head.o
  CC      arch/arm/kernel/init_task.o
  AS      arch/arm/mm/abort-ev7.o
  AS      arch/arm/mm/pabort-v7.o
  AS      arch/arm/mm/cache-v7.o
  CC      arch/arm/mm/copypage-v6.o
  LDS     arch/arm/kernel/vmlinux.lds
  LD      arch/arm/kernel/built-in.o
  CC      arch/arm/common/gic.o
  CC      arch/arm/mm/context.o
  AS      arch/arm/mm/tlb-v7.o
  CC      arch/arm/common/pl330.o
  AS      arch/arm/mm/proc-v7.o
  CC      arch/arm/mm/cache-l2x0.o
  LD      arch/arm/mm/built-in.o
  CC      arch/arm/mach-exynos/init.o
  CC      arch/arm/mach-exynos/irq-combiner.o
  LD      arch/arm/common/built-in.o
  CC      arch/arm/plat-s5p/dev-pmu.o
  CC      arch/arm/mach-exynos/dma.o
  CC      arch/arm/plat-s5p/dev-uart.o
  CC      arch/arm/plat-s5p/cpu.o
  CC      arch/arm/mach-exynos/irq-eint.o
  CC      arch/arm/plat-s5p/clock.o
  CC      arch/arm/mach-exynos/ppmu.o
  CC      arch/arm/plat-s5p/irq.o
  CC      arch/arm/mach-exynos/exynos4-smc.o
  CC      arch/arm/plat-s5p/reset.o
  CC      arch/arm/mach-exynos/cpu-exynos4.o
  CC      arch/arm/plat-s5p/reserve_mem.o
  CC      arch/arm/plat-s5p/irq-gpioint.o
  CC      arch/arm/mach-exynos/clock-exynos4.o
  CC      arch/arm/plat-s5p/s5p-sysmmu.o
arch/arm/mach-exynos/clock-exynos4.c:457:26: warning: 'exynos4_clk_aclk_c2c' defined but not used
  CC      arch/arm/plat-s5p/pm.o
  CC      arch/arm/mach-exynos/pmu-exynos4.o
arch/arm/mach-exynos/pmu-exynos4.c: In function 'exynos4_pmu_init':
arch/arm/mach-exynos/pmu-exynos4.c:421:15: warning: unused variable 'i'
  CC      arch/arm/plat-s5p/irq-pm.o
  CC      arch/arm/mach-exynos/ppc.o
  CC      arch/arm/mach-exynos/clock-domain.o
  CC      arch/arm/plat-s5p/dev-fimc-s5p.o
  CC      arch/arm/mach-exynos/clock-exynos4210.o
  CC      arch/arm/plat-s5p/dev-mfc.o
  CC      arch/arm/plat-s5p/dev-fimd0.o
  CC      arch/arm/mach-exynos/pm-exynos4.o
  CC      arch/arm/plat-s5p/dev-fimd-s5p.o
  CC      arch/arm/plat-s5p/dev-tvout.o
  AS      arch/arm/mach-exynos/sleep-exynos4.o
  CC      arch/arm/mach-exynos/cpufreq.o
  CC      arch/arm/plat-s5p/dev-fimg2d.o
  CC      arch/arm/plat-s5p/dev-csis-s5p.o
  CC      arch/arm/plat-s5p/dev-jpeg.o
  CC      arch/arm/mach-exynos/asv.o
  CC      arch/arm/plat-s5p/dev-ehci.o
  CC      arch/arm/mach-exynos/asv-4210.o
  CC      arch/arm/plat-s5p/dev-usbgadget.o
  CC      arch/arm/mach-exynos/asv-4x12.o
  CC      arch/arm/plat-s5p/dev-tmu.o
  CC      arch/arm/mach-exynos/cpufreq-4210.o
  CC      arch/arm/plat-s5p/s5p_iommu.o
  CC      arch/arm/mach-exynos/cpufreq-4x12.o
  CC      arch/arm/plat-s5p/s5p_iovmm.o
  CC      arch/arm/mach-exynos/cpuidle-exynos4.o
arch/arm/mach-exynos/cpuidle-exynos4.c:191:13: warning: 'exynos4212_gpio_conpdn_reg' defined but not used
  LD      arch/arm/plat-s5p/built-in.o
  CC      arch/arm/plat-samsung/init.o
arch/arm/mach-exynos/cpuidle-exynos4.c: In function 'exynos4_enter_lowpower':
arch/arm/mach-exynos/cpuidle-exynos4.c:533:21: warning: 'abb_val' may be used uninitialized in this function
arch/arm/mach-exynos/cpuidle-exynos4.c:617:21: warning: 'abb_val' may be used uninitialized in this function
arch/arm/mach-exynos/cpuidle-exynos4.c:617:30: warning: 'abb_val_int' may be used uninitialized in this function
  AS      arch/arm/mach-exynos/idle-exynos4.o
  CC      arch/arm/mach-exynos/busfreq.o
  CC      arch/arm/plat-samsung/cpu.o
  CC      arch/arm/plat-samsung/clock.o
  CC      arch/arm/mach-exynos/platsmp.o
  CC      arch/arm/plat-samsung/pwm-clock.o
  AS      arch/arm/mach-exynos/headsmp.o
  CC      arch/arm/mach-exynos/mct.o
  CC      arch/arm/plat-samsung/gpio.o
  CC      arch/arm/plat-samsung/gpio-config.o
  CC      arch/arm/mach-exynos/hotplug.o
  CC      arch/arm/plat-samsung/dev-asocdma.o
  CC      arch/arm/mach-exynos/stand-hotplug.o
  CC      arch/arm/plat-samsung/clock-clksrc.o
  CC      arch/arm/plat-samsung/irq-uart.o
  CC      arch/arm/mach-exynos/mach-u1.o
  CC      arch/arm/plat-samsung/irq-vic-timer.o
  CC      arch/arm/plat-samsung/adc.o
  CC      arch/arm/plat-samsung/platformdata.o
  CC      arch/arm/plat-samsung/dev-hsmmc2.o
arch/arm/mach-exynos/mach-u1.c: In function 'm5mo_flash_power':
arch/arm/mach-exynos/mach-u1.c:799:1: warning: label 'torch_exit' defined but not used
arch/arm/mach-exynos/mach-u1.c: At top level:
arch/arm/mach-exynos/mach-u1.c:4179:13: warning: 'sec_bat_initial_check' defined but not used
  CC      arch/arm/plat-samsung/dev-hsmmc3.o
  CC      arch/arm/plat-samsung/dev-mshc.o
  CC      arch/arm/plat-samsung/dev-i2c0.o
  CC      arch/arm/mach-exynos/sec-common.o
  CC      arch/arm/plat-samsung/dev-i2c1.o
  CC      arch/arm/mach-exynos/sec-switch_max8997.o
  CC      arch/arm/plat-samsung/dev-i2c3.o
  CC      arch/arm/plat-samsung/dev-i2c5.o
arch/arm/mach-exynos/sec-switch_max8997.c:50:26: warning: 'switch_dock' defined but not used
  CC      arch/arm/mach-exynos/u1-gpio.o
  CC      arch/arm/plat-samsung/dev-i2c6.o
  CC      arch/arm/plat-samsung/dev-i2c7.o
  CC      arch/arm/mach-exynos/board-gps-gsd4t.o
  CC      arch/arm/plat-samsung/dev-uart.o
  CC      arch/arm/plat-samsung/dev-wdt.o
  CC      arch/arm/mach-exynos/u1-wlan.o
  CC      arch/arm/plat-samsung/dev-rtc.o
  CC      arch/arm/plat-samsung/dev-adc.o
  CC      arch/arm/mach-exynos/u1-panel.o
  CC      arch/arm/plat-samsung/dev-ts.o
  CC      arch/arm/mach-exynos/u1-panel_a2.o
  CC      arch/arm/mach-exynos/u1-panel_m2.o
  CC      arch/arm/plat-samsung/dev-ts1.o
  CC      arch/arm/mach-exynos/u1_regulator_consumer.o
  CC      arch/arm/plat-samsung/dev-pwm.o
  CC      arch/arm/mach-exynos/sec-reboot.o
  CC      arch/arm/plat-samsung/s3c-pl330.o
arch/arm/mach-exynos/include/mach/system.h:18:13: warning: 'arch_idle' defined but not used
  CC      arch/arm/mach-exynos/dev-audio.o
  CC      arch/arm/mach-exynos/dev-pd.o
  CC      arch/arm/mach-exynos/dev-pd-exynos4.o
arch/arm/mach-exynos/dev-pd-exynos4.c: In function 'exynos_pd_restore':
arch/arm/mach-exynos/dev-pd-exynos4.c:52:26: warning: unused variable 'pdata'
  CC      arch/arm/mach-exynos/dev-sysmmu-exynos4.o
  CC      arch/arm/plat-samsung/pm.o
  CC      arch/arm/mach-exynos/setup-fimc0.o
  CC      arch/arm/mach-exynos/setup-fimc1.o
  CC      arch/arm/mach-exynos/setup-fimc2.o
  CC      arch/arm/plat-samsung/pm-gpio.o
  CC      arch/arm/mach-exynos/setup-fimc3.o
  CC      arch/arm/mach-exynos/setup-csis.o
  CC      arch/arm/plat-samsung/pd.o
  CC      arch/arm/mach-exynos/setup-fimd0.o
  CC      arch/arm/plat-samsung/pwm.o
  CC      arch/arm/mach-exynos/setup-i2c0.o
  CC      arch/arm/mach-exynos/setup-i2c1.o
  CC      arch/arm/mach-exynos/setup-i2c3.o
  CC      arch/arm/mach-exynos/setup-i2c5.o
  LD      arch/arm/plat-samsung/built-in.o
  CC      arch/arm/mach-exynos/setup-i2c6.o
  CC      kernel/sched.o
  CC      arch/arm/mach-exynos/setup-i2c7.o
  CC      arch/arm/mach-exynos/setup-mfc.o
  CC      arch/arm/mach-exynos/setup-sdhci.o
  CC      arch/arm/mach-exynos/setup-sdhci-gpio.o
kernel/sched.c:7335:2: warning: initialization from incompatible pointer type
  CC      arch/arm/mach-exynos/setup-mshci.o
  CC      arch/arm/mach-exynos/setup-mshci-gpio.o
  CC      arch/arm/mach-exynos/setup-usb-phy.o
arch/arm/mach-exynos/setup-usb-phy.c: In function 's5p_usb_phy_resume':
arch/arm/mach-exynos/setup-usb-phy.c:1200:6: warning: unused variable 'phyclk'
  CC      arch/arm/mach-exynos/setup-fb-s5p.o
  CC      arch/arm/mach-exynos/setup-tvout.o
  CC      arch/arm/mach-exynos/tmu.o
arch/arm/mach-exynos/tmu.c:381:1: warning: 'dev_attr_print_state' defined but not used
  CC      arch/arm/mach-exynos/board-u1-modems.o
arch/arm/mach-exynos/board-u1-modems.c: In function 'set_slave_wake':
arch/arm/mach-exynos/board-u1-modems.c:245:6: warning: unused variable 'spin'
  CC      arch/arm/mach-exynos/board-bluetooth-bcm4330.o
  CC      arch/arm/mach-exynos/sec_thermistor.o
  LD      arch/arm/mach-exynos/built-in.o
  CC      kernel/fork.o
  CC      kernel/exec_domain.o
  CC      kernel/panic.o
  CC      kernel/printk.o
  CC      mm/filemap.o
  CC      kernel/cpu.o
  CC      kernel/exit.o
  CC      mm/mempool.o
  CC      kernel/itimer.o
  TIMEC   kernel/timeconst.h
  CC      mm/oom_kill.o
  CC      mm/fadvise.o
  CC      mm/maccess.o
  CC      mm/page-writeback.o
  CC      kernel/softirq.o
  CC      kernel/resource.o
  CC      mm/readahead.o
  CC      kernel/sysctl.o
  CC      mm/swap.o
  CC      mm/truncate.o
  CC      kernel/sysctl_binary.o
  CC      mm/vmscan.o
  CC      kernel/capability.o
  CC      kernel/ptrace.o
  CC      mm/shmem.o
  CC      kernel/timer.o
  CC      kernel/user.o
  CC      mm/prio_tree.o
  CC      kernel/signal.o
  CC      mm/util.o
  CC      mm/mmzone.o
  CC      mm/vmstat.o
  CC      mm/backing-dev.o
  CC      kernel/sys.o
  CC      mm/mm_init.o
  CC      mm/mmu_context.o
  CC      mm/percpu.o
  CC      kernel/kmod.o
  CC      kernel/workqueue.o
  CC      mm/fremap.o
  CC      mm/highmem.o
  CC      mm/madvise.o
  CC      mm/memory.o
  CC      kernel/pid.o
  CC      kernel/rcupdate.o
  CC      kernel/extable.o
  CC      mm/mincore.o
  CC      kernel/params.o
  CC      mm/mlock.o
  CC      kernel/posix-timers.o
  CC      mm/mmap.o
  CC      kernel/kthread.o
  CC      kernel/wait.o
  CC      mm/mprotect.o
  CC      kernel/kfifo.o
  CC      mm/mremap.o
  CC      kernel/sys_ni.o
  CC      kernel/posix-cpu-timers.o
  CC      mm/msync.o
  CC      mm/rmap.o
  CC      kernel/mutex.o
  CC      kernel/hrtimer.o
  CC      mm/vmalloc.o
  CC      kernel/rwsem.o
  CC      kernel/nsproxy.o
  CC      mm/pagewalk.o
  CC      kernel/srcu.o
  CC      kernel/semaphore.o
  CC      mm/pgtable-generic.o
  CC      kernel/notifier.o
  CC      mm/page_alloc.o
  CC      kernel/ksysfs.o
  CC      kernel/pm_qos_params.o
  CC      kernel/sched_clock.o
  CC      kernel/cred.o
  CC      kernel/async.o
  CC      kernel/range.o
  CC      mm/page_isolation.o
  CC      kernel/jump_label.o
  CC      mm/init-mm.o
  CC      mm/bootmem.o
  CC      kernel/groups.o
  CC      kernel/freezer.o
  CC      mm/memblock.o
  CC      kernel/sysctl_check.o
  CC      mm/bounce.o
  CC      kernel/irq/irqdesc.o
  CC      mm/dmapool.o
  CC      kernel/irq/handle.o
  CC      kernel/irq/manage.o
  CC      mm/ashmem.o
  CC      mm/slab.o
  CC      kernel/irq/spurious.o
  CC      kernel/irq/resend.o
  CC      kernel/irq/chip.o
  CC      kernel/irq/dummychip.o
  CC      kernel/irq/devres.o
  CC      kernel/irq/generic-chip.o
  CC      mm/cma.o
  CC      kernel/irq/autoprobe.o
  CC      kernel/irq/proc.o
  CC      mm/cma-best-fit.o
  LD      mm/built-in.o
  CC      fs/open.o
  CC      kernel/irq/pm.o
  LD      kernel/irq/built-in.o
  CC      kernel/power/main.o
  CC      kernel/power/console.o
  CC      fs/read_write.o
  CC      kernel/power/process.o
  CC      kernel/power/suspend.o
  CC      fs/file_table.o
  CC      kernel/power/wakelock.o
  CC      fs/super.o
  CC      kernel/power/userwakelock.o
  CC      kernel/power/earlysuspend.o
  CC      fs/char_dev.o
  CC      kernel/power/fbearlysuspend.o
  CC      fs/stat.o
  CC      kernel/power/poweroff.o
  LD      kernel/power/built-in.o
  CC      kernel/time/timekeeping.o
  CC      fs/exec.o
  CC      kernel/time/ntp.o
  CC      kernel/time/clocksource.o
  CC      fs/pipe.o
  CC      kernel/time/jiffies.o
  CC      kernel/time/timer_list.o
  CC      kernel/time/timecompare.o
  CC      fs/namei.o
  CC      kernel/time/timeconv.o
  CC      kernel/time/posix-clock.o
  CC      kernel/time/clockevents.o
  CC      kernel/time/tick-common.o
  CC      kernel/time/tick-broadcast.o
  CC      kernel/time/tick-oneshot.o
  CC      kernel/time/tick-sched.o
  CC      fs/fcntl.o
  LD      kernel/time/built-in.o
  CC      kernel/futex.o
  CC      fs/ioctl.o
  CC      fs/readdir.o
  CC      fs/select.o
  CC      kernel/rtmutex.o
  CC      fs/fifo.o
  CC      fs/dcache.o
  CC      kernel/smp.o
  CC      kernel/spinlock.o
  CC      kernel/uid16.o
  CC      kernel/module.o
  CC      fs/inode.o
  CC      fs/attr.o
  CC      fs/bad_inode.o
  CC      fs/file.o
  CC      kernel/kallsyms.o
  CC      fs/filesystems.o
  CC      kernel/cgroup.o
  CC      fs/namespace.o
  CC      fs/seq_file.o
  CC      kernel/cgroup_freezer.o
  CC      fs/xattr.o
  CC      kernel/res_counter.o
  CC      fs/libfs.o
  CC      kernel/stop_machine.o
  CC      kernel/rcutree.o
  CC      fs/fs-writeback.o
  CC      fs/pnode.o
  CC      kernel/utsname_sysctl.o
  CC      fs/drop_caches.o
  CC      kernel/elfcore.o
  CC      kernel/sched_cpupri.o
  CC      fs/splice.o
  CC      kernel/time.o
  LD      kernel/built-in.o
  CC      ipc/util.o
  CC      fs/sync.o
  CC      ipc/msgutil.o
  CC      fs/utimes.o
  CC      ipc/msg.o
  CC      fs/stack.o
  CC      fs/fs_struct.o
  CC      ipc/sem.o
  CC      fs/statfs.o
  CC      fs/buffer.o
  CC      ipc/shm.o
  CC      ipc/ipcns_notifier.o
  CC      ipc/syscall.o
  CC      fs/bio.o
  CC      ipc/ipc_sysctl.o
  LD      ipc/built-in.o
  CC      security/keys/gc.o
  CC      security/keys/key.o
  CC      fs/block_dev.o
  CC      security/keys/keyring.o
  CC      fs/direct-io.o
  CC      security/keys/keyctl.o
  CC      fs/mpage.o
  CC      security/keys/permission.o
  CC      security/keys/process_keys.o
  CC      fs/ioprio.o
  CC      security/keys/request_key.o
  CC      fs/cifs/cifsfs.o
  CC      security/keys/request_key_auth.o
  CC      security/keys/user_defined.o
  CC      security/keys/proc.o
  CC      security/keys/sysctl.o
  CC      fs/cifs/cifssmb.o
  LD      security/keys/built-in.o
  CC      security/commoncap.o
  CC      security/min_addr.o
  LD      security/built-in.o
  CC      crypto/fips_integrity.o
  CC      crypto/api.o
  CC      fs/cifs/cifs_debug.o
  CC      crypto/cipher.o
  CC      fs/cifs/connect.o
  CC      crypto/compress.o
  CC      crypto/algapi.o
  CC      crypto/scatterwalk.o
  CC      crypto/proc.o
  CC      crypto/ablkcipher.o
  CC      fs/cifs/dir.o
  CC      crypto/blkcipher.o
  CC      fs/cifs/file.o
  CC      crypto/ahash.o
  CC      crypto/shash.o
  CC      crypto/algboss.o
  CC      fs/cifs/inode.o
  CC      crypto/testmgr.o
  CC      fs/cifs/link.o
  CC      fs/cifs/misc.o
  CC      fs/cifs/netmisc.o
  CC      crypto/crypto_wq.o
  CC      crypto/fips.o
  LD      crypto/crypto_algapi.o
  CC      crypto/aead.o
  CC      fs/cifs/smbencrypt.o
  LD      crypto/crypto_blkcipher.o
  CC      crypto/chainiv.o
  CC      fs/cifs/transport.o
  CC      crypto/eseqiv.o
  CC      crypto/seqiv.o
  CC      fs/cifs/asn1.o
  LD      crypto/crypto_hash.o
  CC      crypto/pcompress.o
  LD      crypto/cryptomgr.o
  CC      crypto/hmac.o
  CC      fs/cifs/cifs_unicode.o
  CC      crypto/crypto_null.o
  CC      crypto/md4.o
  CC      fs/cifs/nterr.o
  CC      fs/cifs/xattr.o
  CC      crypto/md5.o
  CC      crypto/sha1_generic.o
  CC      fs/cifs/cifsencrypt.o
  CC      crypto/sha256_generic.o
  CC      fs/cifs/readdir.o
  CC      crypto/sha512_generic.o
  CC      crypto/gf128mul.o
  CC      fs/cifs/ioctl.o
  CC      fs/cifs/sess.o
  CC      crypto/ecb.o
  CC      fs/cifs/export.o
  CC      crypto/cbc.o
  LD      fs/cifs/cifs.o
  LD      fs/cifs/built-in.o
  CC      fs/debugfs/inode.o
  CC      crypto/cts.o
  CC      fs/debugfs/file.o
  CC      crypto/ctr.o
  LD      fs/debugfs/debugfs.o
  LD      fs/debugfs/built-in.o
  CC      fs/devpts/inode.o
  CC      crypto/cryptd.o
  LD      fs/devpts/devpts.o
  LD      fs/devpts/built-in.o
  CC      fs/ecryptfs/dentry.o
  CC      fs/ecryptfs/file.o
  CC      crypto/des_generic.o
  CC      fs/ecryptfs/inode.o
  CC      crypto/twofish_generic.o
  CC      fs/ecryptfs/main.o
  CC      crypto/twofish_common.o
  CC      fs/ecryptfs/super.o
  CC      crypto/aes_generic.o
  CC      fs/ecryptfs/mmap.o
  CC      fs/ecryptfs/read_write.o
  CC      fs/ecryptfs/crypto.o
  CC      crypto/arc4.o
  CC      crypto/deflate.o
  CC      crypto/crc32c.o
  CC      crypto/authenc.o
  CC      fs/ecryptfs/keystore.o
  CC      crypto/authencesn.o
  CC      fs/ecryptfs/messaging.o
  CC      crypto/rng.o
  CC      crypto/krng.o
  CC      fs/ecryptfs/miscdev.o
  CC      crypto/ansi_cprng.o
  CC      fs/ecryptfs/kthread.o
  CC      crypto/tcrypt.o
  CC      fs/ecryptfs/debug.o
  CC      crypto/ghash-generic.o
  LD      fs/ecryptfs/ecryptfs.o
  LD      fs/ecryptfs/built-in.o
  LD      crypto/crypto.o
  LD      crypto/built-in.o
  CC      fs/ext2/balloc.o
  CC      block/elevator.o
  CC      fs/ext2/dir.o
  CC      block/blk-core.o
  CC      fs/ext2/file.o
  CC      fs/ext2/ialloc.o
  CC      block/blk-tag.o
  CC      fs/ext2/inode.o
  CC      block/blk-sysfs.o
  CC      fs/ext2/ioctl.o
  CC      block/blk-flush.o
  CC      fs/ext2/namei.o
  CC      block/blk-settings.o
  CC      fs/ext2/super.o
  CC      block/blk-ioc.o
  CC      block/blk-map.o
  CC      fs/ext2/symlink.o
  LD      fs/ext2/ext2.o
  LD      fs/ext2/built-in.o
  CC      fs/ext4/balloc.o
  CC      block/blk-exec.o
  CC      block/blk-merge.o
  CC      fs/ext4/bitmap.o
  CC      block/blk-softirq.o
  CC      fs/ext4/dir.o
  CC      block/blk-timeout.o
  CC      fs/ext4/file.o
  CC      block/blk-iopoll.o
  CC      fs/ext4/fsync.o
  CC      block/blk-lib.o
  CC      fs/ext4/ialloc.o
  CC      block/ioctl.o
  CC      block/genhd.o
  CC      fs/ext4/inode.o
  CC      block/scsi_ioctl.o
  CC      block/noop-iosched.o
  CC      block/deadline-iosched.o
  CC      block/cfq-iosched.o
  CC      fs/ext4/page-io.o
  LD      block/built-in.o
  CC      fs/ext4/ioctl.o
  CC      fs/ext4/namei.o
  CC      fs/ext4/super.o
  CC      fs/ext4/symlink.o
  CC      fs/ext4/hash.o
  CC      fs/ext4/resize.o
  LD      drivers/accessory/built-in.o
  CC      fs/ext4/extents.o
  LD      drivers/auxdisplay/built-in.o
  CC      drivers/base/core.o
  CC      drivers/base/sys.o
  CC      drivers/base/bus.o
  CC      drivers/base/dd.o
  CC      drivers/base/syscore.o
  CC      fs/ext4/ext4_jbd2.o
  CC      drivers/base/driver.o
  CC      fs/ext4/migrate.o
  CC      drivers/base/class.o
  CC      drivers/base/platform.o
  CC      fs/ext4/mballoc.o
  CC      drivers/base/cpu.o
  CC      drivers/base/firmware.o
  CC      drivers/base/init.o
  CC      drivers/base/map.o
  CC      drivers/base/devres.o
  CC      drivers/base/attribute_container.o
  CC      drivers/base/transport_class.o
  CC      drivers/base/power/sysfs.o
  CC      drivers/base/power/generic_ops.o
  CC      drivers/base/power/main.o
  CC      fs/ext4/block_validity.o
  CC      drivers/base/power/wakeup.o
  CC      drivers/base/power/runtime.o
  CC      fs/ext4/move_extent.o
  CC      drivers/base/power/opp.o
  CC      drivers/base/power/clock_ops.o
  LD      drivers/base/power/built-in.o
  CC      drivers/base/dma-mapping.o
  CC      fs/ext4/mmp.o
  CC      drivers/base/dma-coherent.o
  CC      drivers/base/firmware_class.o
  LD      fs/ext4/ext4.o
  LD      fs/ext4/built-in.o
  CC      fs/fat/cache.o
  CC      fs/fat/dir.o
  CC      drivers/base/topology.o
  CC      drivers/base/s5p-iommu.o
  CC      drivers/base/module.o
  LD      drivers/base/built-in.o
  LD      drivers/battery/built-in.o
  CC      drivers/block/brd.o
  CC      fs/fat/fatent.o
  CC      drivers/block/loop.o
  CC      fs/fat/file.o
  LD      drivers/block/built-in.o
  CC      drivers/bluetooth/hci_ldisc.o
  CC      fs/fat/inode.o
  CC      drivers/bluetooth/hci_h4.o
  LD      drivers/bluetooth/hci_uart.o
  LD      drivers/bluetooth/built-in.o
  CC      fs/fat/misc.o
  LD      drivers/cdrom/built-in.o
  CC      drivers/char/mem.o
  CC      fs/fat/namei_msdos.o
  CC      drivers/char/random.o
  CC      drivers/char/misc.o
  CC      fs/fat/namei_vfat.o
  CC      drivers/char/hw_random/core.o
  LD      drivers/char/hw_random/rng-core.o
  LD      drivers/char/hw_random/built-in.o
  CC      drivers/char/s3c_mem.o
  LD      fs/fat/fat.o
  LD      fs/fat/vfat.o
  CC      drivers/char/exynos_mem.o
  LD      fs/fat/msdos.o
  LD      fs/fat/built-in.o
  CC      fs/fuse/dev.o
drivers/char/exynos_mem.c:143:13: warning: 'exynos_mem_paddr_cache_clean' defined but not used
  LD      drivers/char/built-in.o
  CC      drivers/clk/clkdev.o
  LD      drivers/clk/built-in.o
  LD      drivers/clocksource/built-in.o
  CC      drivers/cpufreq/cpufreq.o
  CC      fs/fuse/dir.o
  CC      drivers/cpufreq/cpufreq_stats.o
  CC      fs/fuse/file.o
  CC      drivers/cpufreq/cpufreq_performance.o
  CC      drivers/cpufreq/cpufreq_powersave.o
  CC      drivers/cpufreq/cpufreq_userspace.o
  CC      drivers/cpufreq/cpufreq_ondemand.o
  CC      fs/fuse/inode.o
  CC      drivers/cpufreq/cpufreq_conservative.o
  CC      fs/fuse/control.o
  CC      drivers/cpufreq/cpufreq_interactive.o
  LD      fs/fuse/fuse.o
  LD      fs/fuse/built-in.o
  CC      fs/jbd2/transaction.o
  CC      drivers/cpufreq/cpufreq_lionheart.o
  CC      drivers/cpufreq/cpufreq_adaptive.o
  CC      drivers/cpufreq/cpufreq_smartass.o
  CC      fs/jbd2/commit.o
  CC      drivers/cpufreq/cpufreq_pegasusq.o
drivers/cpufreq/cpufreq_pegasusq.c:1350:30: warning: 'pm_notifier' defined but not used
  CC      fs/jbd2/recovery.o
  CC      drivers/cpufreq/freq_table.o
  CC      fs/jbd2/checkpoint.o
  LD      drivers/cpufreq/built-in.o
  CC      drivers/cpuidle/cpuidle.o
  CC      drivers/cpuidle/driver.o
  CC      fs/jbd2/revoke.o
  CC      drivers/cpuidle/governor.o
  CC      drivers/cpuidle/sysfs.o
  CC      fs/jbd2/journal.o
  CC      drivers/cpuidle/governors/ladder.o
  CC      drivers/cpuidle/governors/menu.o
drivers/cpuidle/governors/menu.c:128:12: warning: 'get_loadavg' defined but not used
  LD      fs/jbd2/jbd2.o
  LD      fs/jbd2/built-in.o
  LD      drivers/cpuidle/governors/built-in.o
  LD      drivers/cpuidle/built-in.o
  CC      fs/nls/nls_base.o
  LD      drivers/crypto/built-in.o
  LD      drivers/firewire/built-in.o
  LD      drivers/firmware/built-in.o
  CC      drivers/gpio/gpiolib.o
  CC      fs/nls/nls_cp437.o
  CC      fs/nls/nls_ascii.o
  CC      fs/nls/nls_iso8859-1.o
  CC      fs/nls/nls_utf8.o
  LD      fs/nls/built-in.o
  CC      fs/notify/fsnotify.o
  CC      drivers/gpio/gpio-exynos4.o
drivers/gpio/gpio-exynos4.c:68:27: warning: 's3c_gpio_pm_nop' defined but not used
  CC      drivers/gpio/gpio-plat-samsung.o
  CC      fs/notify/notification.o
  LD      drivers/gpio/built-in.o
  LD      drivers/gpu/drm/i2c/built-in.o
  LD      drivers/gpu/drm/built-in.o
  LD      drivers/gpu/ion/built-in.o
  LD      drivers/gpu/stub/built-in.o
  LD      drivers/gpu/vga/built-in.o
  LD      drivers/gpu/built-in.o
  CC      drivers/hid/hid-lg.o
  CC      fs/notify/group.o
  CC      fs/notify/inode_mark.o
  CC      fs/notify/mark.o
  CC      drivers/hid/hid-debug.o
  CC      fs/notify/vfsmount_mark.o
  CC      drivers/hid/hid-core.o
  LD      fs/notify/dnotify/built-in.o
  LD      fs/notify/fanotify/built-in.o
  CC      fs/notify/inotify/inotify_fsnotify.o
  CC      fs/notify/inotify/inotify_user.o
  LD      fs/notify/inotify/built-in.o
  LD      fs/notify/built-in.o
  CC      fs/partitions/check.o
  CC      drivers/hid/hid-input.o
  CC      fs/partitions/msdos.o
  CC      fs/partitions/efi.o
  CC      drivers/hid/hid-a4tech.o
  LD      fs/partitions/built-in.o
  CC      drivers/hid/hid-apple.o
  CC      fs/proc/mmu.o
  CC      drivers/hid/hid-belkin.o
  CC      fs/proc/task_mmu.o
  CC      drivers/hid/hid-cherry.o
  CC      drivers/hid/hid-chicony.o
  CC      drivers/hid/hid-cypress.o
  CC      fs/proc/inode.o
  CC      drivers/hid/hid-dr.o
  CC      drivers/hid/hid-elecom.o
  CC      fs/proc/root.o
  CC      drivers/hid/hid-ezkey.o
  CC      drivers/hid/hid-gyration.o
  CC      fs/proc/base.o
  CC      drivers/hid/hid-kensington.o
  CC      drivers/hid/hid-kye.o
  LD      drivers/hid/hid-logitech.o
  CC      drivers/hid/hid-magicmouse.o
  CC      drivers/hid/hid-microsoft.o
  CC      drivers/hid/hid-monterey.o
  CC      drivers/hid/hid-ntrig.o
  CC      fs/proc/generic.o
  CC      drivers/hid/hid-ortek.o
  CC      fs/proc/array.o
  CC      drivers/hid/hid-quanta.o
  CC      drivers/hid/hid-pl.o
  CC      fs/proc/proc_tty.o
  CC      drivers/hid/hid-petalynx.o
  CC      fs/proc/cmdline.o
  CC      drivers/hid/hid-picolcd.o
  CC      fs/proc/consoles.o
  CC      fs/proc/cpuinfo.o
  CC      fs/proc/devices.o
  CC      fs/proc/interrupts.o
  CC      fs/proc/loadavg.o
  CC      drivers/hid/hid-roccat.o
  CC      fs/proc/meminfo.o
  CC      fs/proc/stat.o
  CC      drivers/hid/hid-roccat-common.o
  CC      fs/proc/uptime.o
  CC      drivers/hid/hid-roccat-kone.o
  CC      fs/proc/version.o
  CC      fs/proc/softirqs.o
  CC      drivers/hid/hid-samsung.o
  CC      fs/proc/namespaces.o
  CC      drivers/hid/hid-sjoy.o
  CC      fs/proc/proc_sysctl.o
  CC      drivers/hid/hid-sony.o
  CC      fs/proc/proc_net.o
  CC      drivers/hid/hid-sunplus.o
  CC      drivers/hid/hid-gaff.o
  CC      fs/proc/page.o
  CC      drivers/hid/hid-tmff.o
  CC      drivers/hid/hid-topseed.o
  LD      fs/proc/proc.o
  LD      fs/proc/built-in.o
  LD      fs/quota/built-in.o
  CC      fs/ramfs/inode.o
  CC      drivers/hid/hid-zpff.o
  CC      fs/ramfs/file-mmu.o
  CC      drivers/hid/hid-zydacron.o
  LD      fs/ramfs/ramfs.o
  LD      fs/ramfs/built-in.o
  CC      fs/sysfs/inode.o
  CC      drivers/hid/hid-wacom.o
  CC      fs/sysfs/file.o
  CC      drivers/hid/usbhid/hid-core.o
  CC      fs/sysfs/dir.o
  CC      fs/sysfs/symlink.o
  CC      drivers/hid/usbhid/hid-quirks.o
  LD      drivers/hid/usbhid/usbhid.o
  LD      drivers/hid/usbhid/built-in.o
  LD      drivers/hid/hid.o
  LD      drivers/hid/built-in.o
  CC      drivers/i2c/i2c-boardinfo.o
  CC      fs/sysfs/mount.o
  CC      drivers/i2c/i2c-core.o
  CC      fs/sysfs/bin.o
  CC      fs/sysfs/group.o
  LD      fs/sysfs/built-in.o
  CC      fs/eventpoll.o
  CC      drivers/i2c/i2c-dev.o
  CC      fs/anon_inodes.o
  CC      fs/signalfd.o
  CC      fs/timerfd.o
  CC      fs/eventfd.o
  CC      drivers/i2c/algos/i2c-algo-bit.o
  CC      fs/locks.o
  LD      drivers/i2c/algos/built-in.o
  CC      drivers/i2c/busses/i2c-gpio.o
  CC      drivers/i2c/busses/i2c-s3c2410.o
  LD      drivers/i2c/busses/built-in.o
  LD      drivers/i2c/muxes/built-in.o
  LD      drivers/i2c/built-in.o
  LD      drivers/idle/built-in.o
  LD      drivers/ieee802154/built-in.o
  CC      drivers/input/input.o
  CC      fs/binfmt_misc.o
  CC      fs/binfmt_script.o
  CC      fs/binfmt_elf.o
  CC      drivers/input/input-compat.o
  CC      drivers/input/input-mt.o
  CC      drivers/input/ff-core.o
  CC      drivers/input/evdev.o
  CC      fs/posix_acl.o
  CC      fs/xattr_acl.o
  CC      fs/generic_acl.o
  CC      drivers/input/keyboard/atkbd.o
  LD      fs/built-in.o
  CC      sound/sound_core.o
  LD      sound/arm/built-in.o
  LD      sound/atmel/built-in.o
  CC      sound/core/hwdep.o
  CC      drivers/input/keyboard/gpio_keys.o
  CC      sound/core/memalloc.o
  CC      drivers/input/keyboard/cypress/cypress-touchkey.o
  CC      sound/core/pcm.o
drivers/input/keyboard/cypress/cypress-touchkey.c:613:12: warning: 'touchkey_firmware_update' defined but not used
  CC      drivers/input/keyboard/cypress/issp_driver_routines.o
  CC      sound/core/pcm_native.o
  CC      drivers/input/keyboard/cypress/issp_main.o
  CC      sound/core/pcm_lib.o
  CC      drivers/input/keyboard/cypress/issp_routines.o
  CC      sound/core/pcm_timer.o
  LD      drivers/input/keyboard/cypress/built-in.o
  LD      drivers/input/keyboard/built-in.o
  CC      drivers/input/misc/gpio_event.o
  CC      sound/core/pcm_misc.o
  CC      drivers/input/misc/gpio_matrix.o
  CC      sound/core/pcm_memory.o
  CC      drivers/input/misc/gpio_input.o
  CC      sound/core/timer.o
  CC      drivers/input/misc/gpio_output.o
  CC      drivers/input/misc/gpio_axis.o
  CC      drivers/input/misc/keychord.o
  CC      sound/core/sound.o
  CC      drivers/input/misc/uinput.o
  CC      sound/core/init.o
  LD      drivers/input/misc/built-in.o
  CC      drivers/input/touchscreen/mxt224_u1.o
drivers/input/touchscreen/mxt224_u1.c: In function 'mxt224_ta_probe':
drivers/input/touchscreen/mxt224_u1.c:437:5: warning: unused variable 'movfilter'
  CC      sound/core/memory.o
  CC      sound/core/info.o
  CC      sound/core/control.o
  LD      drivers/input/touchscreen/built-in.o
  LD      drivers/input/input-core.o
  LD      drivers/input/built-in.o
  CC      drivers/input/serio/serio.o
  CC      drivers/input/serio/serport.o
  CC      sound/core/misc.o
  CC      drivers/input/serio/libps2.o
  CC      sound/core/device.o
  LD      drivers/input/serio/built-in.o
  LD      drivers/iommu/built-in.o
  LD      drivers/leds/built-in.o
  LD      drivers/lguest/built-in.o
  LD      drivers/macintosh/built-in.o
  CC      drivers/md/dm.o
  CC      sound/core/jack.o
drivers/md/dm.c: In function 'split_bvec':
drivers/md/dm.c:1060:3: warning: statement with no effect
drivers/md/dm.c: In function 'clone_bio':
drivers/md/dm.c:1087:3: warning: statement with no effect
  LD      sound/core/snd.o
  LD      sound/core/snd-hwdep.o
  LD      sound/core/snd-timer.o
  LD      sound/core/snd-pcm.o
  LD      sound/core/snd-page-alloc.o
  LD      sound/core/built-in.o
  LD      sound/drivers/mpu401/built-in.o
  LD      sound/drivers/opl3/built-in.o
  LD      sound/drivers/opl4/built-in.o
  LD      sound/drivers/pcsp/built-in.o
  LD      sound/drivers/vx/built-in.o
  LD      sound/drivers/built-in.o
  LD      sound/firewire/built-in.o
  LD      sound/i2c/other/built-in.o
  LD      sound/i2c/built-in.o
  LD      sound/isa/ad1816a/built-in.o
  LD      sound/isa/ad1848/built-in.o
  LD      sound/isa/cs423x/built-in.o
  LD      sound/isa/es1688/built-in.o
  LD      sound/isa/galaxy/built-in.o
  LD      sound/isa/gus/built-in.o
  LD      sound/isa/msnd/built-in.o
  LD      sound/isa/opti9xx/built-in.o
  LD      sound/isa/sb/built-in.o
  LD      sound/isa/wavefront/built-in.o
  LD      sound/isa/wss/built-in.o
  LD      sound/isa/built-in.o
  LD      sound/mips/built-in.o
  LD      sound/parisc/built-in.o
  LD      sound/pci/ac97/built-in.o
  LD      sound/pci/ali5451/built-in.o
  LD      sound/pci/asihpi/built-in.o
  LD      sound/pci/au88x0/built-in.o
  LD      sound/pci/aw2/built-in.o
  LD      sound/pci/ca0106/built-in.o
  LD      sound/pci/cs46xx/built-in.o
  LD      sound/pci/cs5535audio/built-in.o
  LD      sound/pci/ctxfi/built-in.o
  LD      sound/pci/echoaudio/built-in.o
  LD      sound/pci/emu10k1/built-in.o
  LD      sound/pci/hda/built-in.o
  LD      sound/pci/ice1712/built-in.o
  LD      sound/pci/korg1212/built-in.o
  LD      sound/pci/lola/built-in.o
  LD      sound/pci/lx6464es/built-in.o
  LD      sound/pci/mixart/built-in.o
  LD      sound/pci/nm256/built-in.o
  LD      sound/pci/oxygen/built-in.o
  LD      sound/pci/pcxhr/built-in.o
  CC      drivers/md/dm-table.o
  LD      sound/pci/riptide/built-in.o
  LD      sound/pci/rme9652/built-in.o
  LD      sound/pci/trident/built-in.o
  LD      sound/pci/vx222/built-in.o
  LD      sound/pci/ymfpci/built-in.o
  LD      sound/pci/built-in.o
  LD      sound/pcmcia/pdaudiocf/built-in.o
  LD      sound/pcmcia/vx/built-in.o
  LD      sound/pcmcia/built-in.o
  LD      sound/ppc/built-in.o
drivers/md/dm-table.c: In function 'dm_table_set_integrity':
drivers/md/dm-table.c:1188:3: warning: statement with no effect
  LD      sound/sh/built-in.o
  CC      sound/soc/soc-core.o
  CC      sound/soc/soc-dapm.o
  CC      drivers/md/dm-target.o
  CC      drivers/md/dm-linear.o
  CC      drivers/md/dm-stripe.o
  CC      drivers/md/dm-ioctl.o
  CC      sound/soc/soc-jack.o
  CC      sound/soc/soc-cache.o
  CC      drivers/md/dm-io.o
  CC      sound/soc/soc-utils.o
  CC      drivers/md/dm-kcopyd.o
  LD      sound/soc/atmel/built-in.o
  LD      sound/soc/au1x/built-in.o
  LD      sound/soc/blackfin/built-in.o
  CC      sound/soc/codecs/mc1n2/mc1n2.o
  CC      drivers/md/dm-sysfs.o
  CC      drivers/md/dm-crypt.o
  CC      sound/soc/codecs/mc1n2/mc1n2_dbg.o
  LD      drivers/md/dm-mod.o
  LD      drivers/md/built-in.o
  LD      drivers/media/common/tuners/built-in.o
  LD      drivers/media/common/built-in.o
  LD      drivers/media/radio/built-in.o
  CC      sound/soc/codecs/mc1n2/mcdevif.o
  CC      drivers/media/rc/keymaps/rc-adstech-dvb-t-pci.o
  CC      sound/soc/codecs/mc1n2/mcdevprof.o
  CC      sound/soc/codecs/mc1n2/mcdriver.o
  CC      drivers/media/rc/keymaps/rc-alink-dtu-m.o
  CC      drivers/media/rc/keymaps/rc-anysee.o
  CC      drivers/media/rc/keymaps/rc-apac-viewcomp.o
  CC      drivers/media/rc/keymaps/rc-asus-pc39.o
  CC      drivers/media/rc/keymaps/rc-ati-tv-wonder-hd-600.o
  CC      sound/soc/codecs/mc1n2/mcmachdep.o
  CC      drivers/media/rc/keymaps/rc-avermedia-a16d.o
  CC      sound/soc/codecs/mc1n2/mcpacking.o
  CC      drivers/media/rc/keymaps/rc-avermedia.o
  CC      drivers/media/rc/keymaps/rc-avermedia-cardbus.o
  CC      drivers/media/rc/keymaps/rc-avermedia-dvbt.o
  CC      drivers/media/rc/keymaps/rc-avermedia-m135a.o
  CC      drivers/media/rc/keymaps/rc-avermedia-m733a-rm-k6.o
  CC      drivers/media/rc/keymaps/rc-avermedia-rm-ks.o
  CC      drivers/media/rc/keymaps/rc-avertv-303.o
  CC      drivers/media/rc/keymaps/rc-azurewave-ad-tu700.o
  CC      sound/soc/codecs/mc1n2/mcresctrl.o
  CC      drivers/media/rc/keymaps/rc-behold.o
  CC      drivers/media/rc/keymaps/rc-behold-columbus.o
  CC      drivers/media/rc/keymaps/rc-budget-ci-old.o
  CC      drivers/media/rc/keymaps/rc-cinergy-1400.o
  CC      drivers/media/rc/keymaps/rc-cinergy.o
  CC      drivers/media/rc/keymaps/rc-dib0700-nec.o
  CC      drivers/media/rc/keymaps/rc-dib0700-rc5.o
  CC      drivers/media/rc/keymaps/rc-digitalnow-tinytwin.o
  CC      drivers/media/rc/keymaps/rc-digittrade.o
  CC      drivers/media/rc/keymaps/rc-dm1105-nec.o
  CC      drivers/media/rc/keymaps/rc-dntv-live-dvb-t.o
  CC      drivers/media/rc/keymaps/rc-dntv-live-dvbt-pro.o
  CC      drivers/media/rc/keymaps/rc-em-terratec.o
  CC      drivers/media/rc/keymaps/rc-encore-enltv2.o
  CC      drivers/media/rc/keymaps/rc-encore-enltv.o
  CC      sound/soc/codecs/mc1n2/mcservice.o
  CC      sound/soc/codecs/mc1n2/mcdebuglog.o
  CC      sound/soc/codecs/mc1n2/mcdriver_AA.o
  CC      drivers/media/rc/keymaps/rc-encore-enltv-fm53.o
  CC      drivers/media/rc/keymaps/rc-evga-indtube.o
  CC      drivers/media/rc/keymaps/rc-eztv.o
  CC      drivers/media/rc/keymaps/rc-flydvb.o
  CC      drivers/media/rc/keymaps/rc-flyvideo.o
  CC      drivers/media/rc/keymaps/rc-fusionhdtv-mce.o
  CC      drivers/media/rc/keymaps/rc-gadmei-rm008z.o
  CC      drivers/media/rc/keymaps/rc-genius-tvgo-a11mce.o
  CC      drivers/media/rc/keymaps/rc-gotview7135.o
  CC      drivers/media/rc/keymaps/rc-imon-mce.o
  CC      drivers/media/rc/keymaps/rc-imon-pad.o
  CC      drivers/media/rc/keymaps/rc-iodata-bctv7e.o
  CC      drivers/media/rc/keymaps/rc-kaiomy.o
  CC      drivers/media/rc/keymaps/rc-kworld-315u.o
  CC      drivers/media/rc/keymaps/rc-kworld-plus-tv-analog.o
  CC      drivers/media/rc/keymaps/rc-leadtek-y04g0051.o
  CC      drivers/media/rc/keymaps/rc-lirc.o
  CC      drivers/media/rc/keymaps/rc-lme2510.o
  CC      drivers/media/rc/keymaps/rc-manli.o
  CC      drivers/media/rc/keymaps/rc-msi-digivox-ii.o
  CC      drivers/media/rc/keymaps/rc-msi-digivox-iii.o
  CC      drivers/media/rc/keymaps/rc-msi-tvanywhere.o
  CC      drivers/media/rc/keymaps/rc-msi-tvanywhere-plus.o
  CC      drivers/media/rc/keymaps/rc-nebula.o
  CC      drivers/media/rc/keymaps/rc-nec-terratec-cinergy-xs.o
  CC      drivers/media/rc/keymaps/rc-norwood.o
  LD      sound/soc/codecs/mc1n2/snd-soc-mc1n2.o
  LD      sound/soc/codecs/mc1n2/built-in.o
  LD      sound/soc/codecs/built-in.o
  LD      sound/soc/davinci/built-in.o
  LD      sound/soc/ep93xx/built-in.o
  LD      sound/soc/fsl/built-in.o
  CC      drivers/media/rc/keymaps/rc-npgtech.o
  LD      sound/soc/imx/built-in.o
  LD      sound/soc/jz4740/built-in.o
  LD      sound/soc/kirkwood/built-in.o
  LD      sound/soc/mid-x86/built-in.o
  LD      sound/soc/nuc900/built-in.o
  LD      sound/soc/omap/built-in.o
  CC      drivers/media/rc/keymaps/rc-pctv-sedna.o
  LD      sound/soc/pxa/built-in.o
  LD      sound/soc/s6000/built-in.o
  CC      sound/soc/samsung/audss.o
  CC      drivers/media/rc/keymaps/rc-pinnacle-color.o
  CC      drivers/media/rc/keymaps/rc-pinnacle-grey.o
  CC      sound/soc/samsung/i2s.o
  CC      drivers/media/rc/keymaps/rc-pinnacle-pctv-hd.o
  CC      drivers/media/rc/keymaps/rc-pixelview.o
  CC      drivers/media/rc/keymaps/rc-pixelview-mk12.o
  CC      drivers/media/rc/keymaps/rc-pixelview-002t.o
  CC      drivers/media/rc/keymaps/rc-pixelview-new.o
  CC      drivers/media/rc/keymaps/rc-powercolor-real-angel.o
  CC      sound/soc/samsung/idma.o
  CC      drivers/media/rc/keymaps/rc-proteus-2309.o
  CC      drivers/media/rc/keymaps/rc-purpletv.o
  CC      drivers/media/rc/keymaps/rc-pv951.o
  CC      sound/soc/samsung/dma.o
  CC      drivers/media/rc/keymaps/rc-hauppauge.o
  CC      drivers/media/rc/keymaps/rc-rc6-mce.o
  CC      sound/soc/samsung/u1_mc1n2.o
  CC      drivers/media/rc/keymaps/rc-real-audio-220-32-keys.o
  CC      drivers/media/rc/keymaps/rc-streamzap.o
  CC      sound/soc/samsung/srp_ulp/srp.o
  CC      drivers/media/rc/keymaps/rc-tbs-nec.o
  CC      drivers/media/rc/keymaps/rc-technisat-usb2.o
  CC      drivers/media/rc/keymaps/rc-terratec-cinergy-xs.o
  CC      sound/soc/samsung/srp_ulp/srp_fw.o
  CC      drivers/media/rc/keymaps/rc-terratec-slim.o
  CC      drivers/media/rc/keymaps/rc-terratec-slim-2.o
  CC      drivers/media/rc/keymaps/rc-tevii-nec.o
  LD      sound/soc/samsung/srp_ulp/built-in.o
  LD      sound/soc/samsung/snd-soc-s3c24xx.o
  LD      sound/soc/samsung/snd-soc-i2s.o
  LD      sound/soc/samsung/snd-soc-audss.o
  LD      sound/soc/samsung/snd-soc-idma.o
  LD      sound/soc/samsung/snd-soc-u1-mc1n2.o
  LD      sound/soc/samsung/built-in.o
  LD      sound/soc/sh/built-in.o
  LD      sound/soc/tegra/built-in.o
  CC      drivers/media/rc/keymaps/rc-tivo.o
  LD      sound/soc/txx9/built-in.o
  LD      sound/soc/snd-soc-core.o
  LD      sound/soc/built-in.o
  LD      sound/sparc/built-in.o
  LD      sound/spi/built-in.o
  LD      sound/synth/built-in.o
  CC      drivers/media/rc/keymaps/rc-total-media-in-hand.o
  LD      sound/usb/6fire/built-in.o
  LD      sound/usb/caiaq/built-in.o
  LD      sound/usb/misc/built-in.o
  LD      sound/usb/usx2y/built-in.o
  LD      sound/usb/built-in.o
  CC      sound/last.o
  CC      drivers/media/rc/keymaps/rc-trekstor.o
  LD      sound/soundcore.o
  LD      sound/built-in.o
  CC      drivers/media/rc/keymaps/rc-tt-1500.o
  CC      drivers/media/rc/rc-main.o
  CC      drivers/media/rc/keymaps/rc-twinhan1027.o
  CC      drivers/media/rc/keymaps/rc-videomate-m1f.o
  CC      drivers/media/rc/keymaps/rc-videomate-s350.o
  CC      drivers/media/rc/keymaps/rc-videomate-tv-pvr.o
  CC      drivers/media/rc/ir-raw.o
  CC      drivers/media/rc/keymaps/rc-winfast.o
  CC      drivers/media/rc/keymaps/rc-winfast-usbii-deluxe.o
  CC      drivers/media/rc/lirc_dev.o
  LD      drivers/media/rc/keymaps/built-in.o
  CC      drivers/media/rc/ir-nec-decoder.o
  CC      drivers/media/rc/ir-rc5-decoder.o
  CC      drivers/media/rc/ir-rc6-decoder.o
  CC      drivers/media/video/v4l2-dev.o
  CC      drivers/media/rc/ir-jvc-decoder.o
  CC      drivers/media/rc/ir-sony-decoder.o
  CC      drivers/media/video/v4l2-ioctl.o
  CC      drivers/media/rc/ir-rc5-sz-decoder.o
  CC      drivers/media/rc/ir-lirc-codec.o
  LD      drivers/media/rc/rc-core.o
  LD      drivers/media/rc/built-in.o
  CC      drivers/media/video/v4l2-device.o
  CC      drivers/media/video/v4l2-fh.o
  CC      drivers/media/video/v4l2-event.o
  CC      drivers/media/video/v4l2-ctrls.o
  LD      firmware/built-in.o
  CC      drivers/media/video/v4l2-subdev.o
  CC      drivers/media/video/v4l2-int-device.o
  CC      net/socket.o
  CC      drivers/media/video/v4l2-common.o
  CC      drivers/media/video/m5mo.o
  LD      net/802/built-in.o
  CC      net/bluetooth_mgmt/af_bluetooth.o
drivers/media/video/m5mo.c: In function 'm5mo_s_ctrl':
drivers/media/video/m5mo.c:1296:20: warning: 'cb' may be used uninitialized in this function
drivers/media/video/m5mo.c:1296:24: warning: 'cr' may be used uninitialized in this function
drivers/media/video/m5mo.c:1354:10: warning: 'effect' may be used uninitialized in this function
  CC      drivers/media/video/s5k5bafx.o
  CC      net/bluetooth_mgmt/hci_core.o
drivers/media/video/s5k5bafx.c:757:12: warning: 's5k5bafx_g_fmt' defined but not used
drivers/media/video/s5k5bafx.c:806:12: warning: 's5k5bafx_try_fmt' defined but not used
  CC      drivers/media/video/videobuf2-cma-phys.o
  CC      drivers/media/video/videobuf2-core.o
  CC      drivers/media/video/videobuf2-memops.o
  CC      net/bluetooth_mgmt/hci_conn.o
  LD      drivers/media/video/davinci/built-in.o
  CC      drivers/media/video/mhl/sii9234.o
drivers/media/video/mhl/sii9234.c: In function 'mhl_onoff_ex':
drivers/media/video/mhl/sii9234.c:286:6: warning: unused variable 'ret'
drivers/media/video/mhl/sii9234.c: In function 'sii9234_mhl_tx_i2c_probe':
drivers/media/video/mhl/sii9234.c:3983:2: warning: label 'err_exit2b' defined but not used
drivers/media/video/mhl/sii9234.c: At top level:
drivers/media/video/mhl/sii9234.c:1079:13: warning: 'cbus_handle_wrt_burst_recd' defined but not used
drivers/media/video/mhl/sii9234.c:2857:13: warning: 'cbus_command_response_all' defined but not used
drivers/media/video/mhl/sii9234.c:3648:1: warning: 'dev_attr_mhl_read_reg' defined but not used
  CC      net/bluetooth_mgmt/hci_event.o
  LD      drivers/media/video/mhl/built-in.o
  CC      drivers/media/video/samsung/fimc/fimc_v4l2.o
  CC      drivers/media/video/samsung/fimc/fimc_output.o
  CC      drivers/media/video/samsung/fimc/fimc_overlay.o
  CC      drivers/media/video/samsung/fimc/fimc_regs.o
  CC      net/bluetooth_mgmt/mgmt.o
net/bluetooth_mgmt/mgmt.c: In function 'pin_code_reply':
net/bluetooth_mgmt/mgmt.c:1463:36: warning: unused variable 'ncp'
net/bluetooth_mgmt/mgmt.c: At top level:
net/bluetooth_mgmt/mgmt.c:132:11: warning: 'mgmt_status_table' defined but not used
  CC      drivers/media/video/samsung/fimc/fimc_capture_u1.o
drivers/media/video/samsung/fimc/fimc_capture_u1.c: In function 'fimc_dqbuf_capture':
drivers/media/video/samsung/fimc/fimc_capture_u1.c:2146:21: warning: unused variable 'end'
drivers/media/video/samsung/fimc/fimc_capture_u1.c:2146:14: warning: unused variable 'start'
  CC      drivers/media/video/samsung/fimc/fimc_dev_u1.o
  CC      net/bluetooth_mgmt/hci_sock.o
  CC      net/bluetooth_mgmt/hci_sysfs.o
  CC      drivers/media/video/samsung/fimc/csis.o
drivers/media/video/samsung/fimc/csis.c: In function 's3c_csis_start':
drivers/media/video/samsung/fimc/csis.c:233:6: warning: unused variable 'i'
drivers/media/video/samsung/fimc/csis.c: In function 's3c_csis_irq':
drivers/media/video/samsung/fimc/csis.c:304:6: warning: unused variable 'bufnum'
  LD      drivers/media/video/samsung/fimc/built-in.o
  CC      drivers/media/video/samsung/fimg2d3x-exynos4/fimg2d_dev.o
  CC      net/bluetooth_mgmt/lib.o
  CC      drivers/media/video/samsung/fimg2d3x-exynos4/fimg2d_cache.o
  CC      net/bluetooth_mgmt/l2cap_core.o
  CC      drivers/media/video/samsung/fimg2d3x-exynos4/fimg2d3x_regs.o
  CC      drivers/media/video/samsung/fimg2d3x-exynos4/fimg2d_core.o
  LD      drivers/media/video/samsung/fimg2d3x-exynos4/built-in.o
  CC      drivers/media/video/samsung/jpeg/jpeg_dev.o
  CC      drivers/media/video/samsung/jpeg/jpeg_mem.o
  CC      drivers/media/video/samsung/jpeg/jpeg_core.o
  CC      drivers/media/video/samsung/jpeg/jpeg_regs.o
  LD      drivers/media/video/samsung/jpeg/built-in.o
  CC      drivers/media/video/samsung/mali/common/mali_kernel_core.o
  CC      net/bluetooth_mgmt/l2cap_sock.o
  CC      drivers/media/video/samsung/mali/linux/mali_kernel_linux.o
  CC      net/bluetooth_mgmt/smp.o
  CC      drivers/media/video/samsung/mali/linux/mali_osk_indir_mmap.o
  CC      drivers/media/video/samsung/mali/common/mali_kernel_rendercore.o
drivers/media/video/samsung/mali/common/mali_kernel_rendercore.c:191:13: warning: 'rendercore_subsystem_terminate' defined but not used
  CC      net/bluetooth_mgmt/sco.o
  CC      net/bluetooth_mgmt/bnep/core.o
  CC      drivers/media/video/samsung/mali/common/mali_kernel_descriptor_mapping.o
  CC      drivers/media/video/samsung/mali/common/mali_kernel_vsync.o
  CC      drivers/media/video/samsung/mali/linux/mali_kernel_sysfs.o
  CC      drivers/media/video/samsung/mali/platform/orion-m400/mali_platform.o
  CC      net/bluetooth_mgmt/bnep/sock.o
  CC      drivers/media/video/samsung/mali/linux/mali_osk_irq.o
  CC      drivers/media/video/samsung/mali/linux/mali_osk_low_level_mem.o
  CC      net/bluetooth_mgmt/bnep/netdev.o
  CC      drivers/media/video/samsung/mali/linux/mali_osk_mali.o
  CC      drivers/media/video/samsung/mali/linux/mali_osk_notification.o
  LD      net/bluetooth_mgmt/bnep/bnep.o
  LD      net/bluetooth_mgmt/bnep/built-in.o
  CC      net/bluetooth_mgmt/hidp/core.o
  CC      drivers/media/video/samsung/mali/linux/mali_osk_time.o
  CC      drivers/media/video/samsung/mali/linux/mali_osk_timers.o
  CC      drivers/media/video/samsung/mali/linux/mali_ukk_mem.o
  CC      drivers/media/video/samsung/mali/linux/mali_ukk_gp.o
  CC      drivers/media/video/samsung/mali/linux/mali_ukk_pp.o
  CC      drivers/media/video/samsung/mali/linux/mali_ukk_core.o
  CC      net/bluetooth_mgmt/hidp/sock.o
  CC      drivers/media/video/samsung/mali/linux/mali_ukk_vsync.o
  CC      drivers/media/video/samsung/mali/common/pmm/mali_pmm.o
  LD      net/bluetooth_mgmt/hidp/hidp.o
  LD      net/bluetooth_mgmt/hidp/built-in.o
  CC      net/bluetooth_mgmt/rfcomm/core.o
  CC      drivers/media/video/samsung/mali/common/pmm/mali_pmm_policy.o
  CC      drivers/media/video/samsung/mali/common/pmm/mali_pmm_policy_alwayson.o
  CC      drivers/media/video/samsung/mali/common/pmm/mali_pmm_policy_jobcontrol.o
  CC      drivers/media/video/samsung/mali/common/pmm/mali_pmm_state.o
  CC      drivers/media/video/samsung/mali/linux/mali_kernel_pm.o
  CC      drivers/media/video/samsung/mali/linux/mali_osk_pm.o
  CC      drivers/media/video/samsung/mali/linux/mali_device_pause_resume.o
  CC      drivers/media/video/samsung/mali/common/mali_kernel_utilization.o
  CC      net/bluetooth_mgmt/rfcomm/sock.o
  CC      drivers/media/video/samsung/mali/common/mali_kernel_MALI200.o
drivers/media/video/samsung/mali/common/mali_kernel_MALI200.c:205:13: warning: 'mali200_subsystem_terminate' defined but not used
  CC      drivers/media/video/samsung/mali/common/mali_kernel_GP2.o
drivers/media/video/samsung/mali/common/mali_kernel_GP2.c:224:13: warning: 'maligp_subsystem_terminate' defined but not used
  CC      net/bluetooth_mgmt/rfcomm/tty.o
  CC      drivers/media/video/samsung/mali/common/mali_kernel_mem_mmu.o
drivers/media/video/samsung/mali/common/mali_kernel_mem_mmu.c:560:13: warning: 'mali_memory_core_terminate' defined but not used
  LD      net/bluetooth_mgmt/rfcomm/rfcomm.o
  LD      net/bluetooth_mgmt/rfcomm/built-in.o
  LD      net/bluetooth_mgmt/bluetooth.o
  LD      net/bluetooth_mgmt/built-in.o
  CC      net/core/sock.o
  CC      drivers/media/video/samsung/mali/common/mali_kernel_memory_engine.o
  CC      drivers/media/video/samsung/mali/common/mali_block_allocator.o
  CC      drivers/media/video/samsung/mali/common/mali_kernel_mem_os.o
  CC      drivers/media/video/samsung/mali/common/mali_kernel_l2_cache.o
drivers/media/video/samsung/mali/common/mali_kernel_l2_cache.c:194:13: warning: 'mali_l2_cache_terminate' defined but not used
  CC      drivers/media/video/samsung/mali/platform/orion-m400/mali_platform_dvfs.o
  LD      drivers/media/video/samsung/mali/mali.o
  LD      drivers/media/video/samsung/mali/built-in.o
  CC      drivers/media/video/samsung/mfc5x/mfc_dev.o
  CC      drivers/media/video/samsung/mfc5x/mfc_dec.o
  CC      net/core/request_sock.o
  CC      net/core/skbuff.o
  CC      drivers/media/video/samsung/mfc5x/mfc_enc.o
  CC      drivers/media/video/samsung/mfc5x/mfc_inst.o
  CC      drivers/media/video/samsung/mfc5x/mfc_cmd.o
  CC      drivers/media/video/samsung/mfc5x/mfc_shm.o
  CC      drivers/media/video/samsung/mfc5x/mfc_reg.o
  CC      drivers/media/video/samsung/mfc5x/mfc_buf.o
  CC      net/core/iovec.o
  CC      drivers/media/video/samsung/mfc5x/mfc_pm.o
  CC      drivers/media/video/samsung/mfc5x/mfc_ctrl.o
  CC      drivers/media/video/samsung/mfc5x/mfc_mem.o
  CC      net/core/datagram.o
  LD      drivers/media/video/samsung/mfc5x/built-in.o
  CC      drivers/media/video/samsung/tvout/s5p_tvout.o
  CC      net/core/stream.o
drivers/media/video/samsung/tvout/s5p_tvout.c: In function 'hdmi_set_audio_store':
drivers/media/video/samsung/tvout/s5p_tvout.c:82:8: warning: unused variable 'after'
  CC      drivers/media/video/samsung/tvout/s5p_tvout_v4l2.o
  CC      drivers/media/video/samsung/tvout/s5p_tvout_fb.o
  CC      net/core/scm.o
  CC      drivers/media/video/samsung/tvout/s5p_tvout_common_lib.o
  CC      drivers/media/video/samsung/tvout/s5p_mixer_ctrl.o
  CC      net/core/gen_stats.o
  CC      net/core/gen_estimator.o
  CC      drivers/media/video/samsung/tvout/s5p_vp_ctrl.o
  CC      net/core/net_namespace.o
  CC      drivers/media/video/samsung/tvout/s5p_tvif_ctrl.o
  CC      net/core/secure_seq.o
  CC      drivers/media/video/samsung/tvout/s5p_tvout_hpd.o
  CC      net/core/sysctl_net_core.o
  CC      drivers/media/video/samsung/tvout/hw_if/mixer.o
  CC      net/core/dev.o
  CC      drivers/media/video/samsung/tvout/hw_if/vp.o
  CC      drivers/media/video/samsung/tvout/hw_if/hdmi.o
  CC      drivers/media/video/samsung/tvout/hw_if/hdcp.o
  LD      drivers/media/video/samsung/tvout/hw_if/built-in.o
  LD      drivers/media/video/samsung/tvout/built-in.o
  CC      drivers/media/video/samsung/ump/linux/ump_kernel_linux.o
  CC      drivers/media/video/samsung/ump/linux/ump_kernel_memory_backend_os.o
  CC      net/core/ethtool.o
  CC      drivers/media/video/samsung/ump/linux/ump_kernel_memory_backend_dedicated.o
  CC      drivers/media/video/samsung/ump/linux/ump_memory_backend.o
  CC      drivers/media/video/samsung/ump/linux/ump_ukk_wrappers.o
  CC      drivers/media/video/samsung/ump/linux/ump_ukk_ref_wrappers.o
  CC      drivers/media/video/samsung/ump/linux/ump_osk_atomics.o
  CC      drivers/media/video/samsung/ump/linux/ump_osk_low_level_mem.o
  CC      net/core/dev_addr_lists.o
drivers/media/video/samsung/ump/linux/ump_osk_low_level_mem.c: In function '_ump_osk_msync':
drivers/media/video/samsung/ump/linux/ump_osk_low_level_mem.c:257:6: warning: 'start_index' may be used uninitialized in this function
drivers/media/video/samsung/ump/linux/ump_osk_low_level_mem.c:257:19: warning: 'end_index' may be used uninitialized in this function
  CC      drivers/media/video/samsung/ump/linux/ump_osk_misc.o
  CC      drivers/media/video/samsung/ump/common/ump_kernel_common.o
  CC      drivers/media/video/samsung/ump/common/ump_kernel_descriptor_mapping.o
  CC      net/core/dst.o
  CC      drivers/media/video/samsung/ump/common/ump_kernel_api.o
  CC      drivers/media/video/samsung/ump/common/ump_kernel_ref_drv.o
  CC      drivers/media/video/samsung/ump/../mali/linux/mali_osk_atomics.o
  CC      drivers/media/video/samsung/ump/../mali/linux/mali_osk_locks.o
  CC      net/core/netevent.o
  CC      drivers/media/video/samsung/ump/../mali/linux/mali_osk_math.o
  CC      drivers/media/video/samsung/ump/../mali/linux/mali_osk_memory.o
  CC      drivers/media/video/samsung/ump/../mali/linux/mali_osk_misc.o
  CC      net/core/neighbour.o
  LD      drivers/media/video/samsung/ump/ump.o
  LD      drivers/media/video/samsung/ump/built-in.o
  LD      drivers/media/video/samsung/built-in.o
  CC      drivers/media/video/ir-kbd-i2c.o
  LD      drivers/media/video/videodev.o
  LD      drivers/media/video/built-in.o
  LD      drivers/media/built-in.o
  CC      drivers/mfd/mfd-core.o
  CC      drivers/mfd/max8997.o
  CC      drivers/mfd/max8997-irq.o
  LD      drivers/mfd/built-in.o
  CC      drivers/misc/pmem.o
  CC      net/core/rtnetlink.o
  CC      drivers/misc/uid_stat.o
  LD      drivers/misc/2mic/built-in.o
  LD      drivers/misc/carma/built-in.o
  LD      drivers/misc/cb710/built-in.o
  LD      drivers/misc/eeprom/built-in.o
  LD      drivers/misc/lis3lv02d/built-in.o
  CC      drivers/misc/modem_if/sipc5_modem.o
  CC      net/core/utils.o
drivers/misc/modem_if/sipc5_modem.c: In function 'create_modemctl_device':
drivers/misc/modem_if/sipc5_modem.c:69:13: warning: unused variable 'i'
drivers/misc/modem_if/sipc5_modem.c:69:6: warning: unused variable 'count'
drivers/misc/modem_if/sipc5_modem.c: In function 'attach_devices':
drivers/misc/modem_if/sipc5_modem.c:166:11: warning: unused variable 'ch'
  CC      drivers/misc/modem_if/sipc5_io_device.o
drivers/misc/modem_if/sipc5_io_device.c: In function 'io_dev_recv_data_from_link_dev':
drivers/misc/modem_if/sipc5_io_device.c:637:18: warning: 'skb' may be used uninitialized in this function
  CC      net/core/link_watch.o
  CC      drivers/misc/modem_if/sipc4_modem.o
  CC      drivers/misc/modem_if/sipc4_io_device.o
  CC      net/core/filter.o
drivers/misc/modem_if/sipc4_io_device.c:798:12: warning: 'rx_rfs_packet' defined but not used
  CC      net/core/flow.o
  CC      drivers/misc/modem_if/modem_net_flowcontrol_device.o
  CC      net/core/net-sysfs.o
  CC      drivers/misc/modem_if/modem_utils.o
  CC      drivers/misc/modem_if/modem_modemctl_device_xmm6260.o
  CC      drivers/misc/modem_if/modem_link_device_hsic.o
  CC      net/core/fib_rules.o
drivers/misc/modem_if/modem_link_device_hsic.c: In function 'link_pm_runtime_start':
drivers/misc/modem_if/modem_link_device_hsic.c:634:21: warning: unused variable 'usbdev'
drivers/misc/modem_if/modem_link_device_hsic.c: At top level:
drivers/misc/modem_if/modem_link_device_hsic.c:671:13: warning: 'link_pm_force_cp_dump' defined but not used
  LD      net/core/built-in.o
  LD      drivers/misc/modem_if/built-in.o
  CC      net/ethernet/eth.o
  LD      drivers/misc/ti-st/built-in.o
  CC      drivers/misc/sec_jack.o
drivers/misc/sec_jack.c: In function 'reselect_jack_store':
drivers/misc/sec_jack.c:555:33: warning: unused variable 'pdata'
  CC      drivers/misc/max8997-muic.o
  LD      net/ethernet/built-in.o
  CC      net/ipv4/route.o
  CC      drivers/misc/pn544.o
  LD      drivers/misc/built-in.o
  CC      drivers/mmc/card/block.o
drivers/mmc/card/block.c:2196:12: warning: 'mmc_blk_alloc_parts' defined but not used
  CC      net/ipv4/inetpeer.o
drivers/mmc/card/block.c: In function 'mmc_blk_issue_rq':
drivers/mmc/card/block.c:883:15: warning: 'from' may be used uninitialized in this function
drivers/mmc/card/block.c:883:21: warning: 'nr' may be used uninitialized in this function
drivers/mmc/card/block.c:883:25: warning: 'arg' may be used uninitialized in this function
  CC      drivers/mmc/card/queue.o
  CC      net/ipv4/protocol.o
  LD      drivers/mmc/card/mmc_block.o
  LD      drivers/mmc/card/built-in.o
  CC      drivers/mmc/core/core.o
  CC      net/ipv4/ip_input.o
  CC      net/ipv4/ip_fragment.o
  CC      drivers/mmc/core/bus.o
  CC      net/ipv4/ip_forward.o
  CC      drivers/mmc/core/host.o
  CC      net/ipv4/ip_options.o
  CC      drivers/mmc/core/mmc.o
  CC      net/ipv4/ip_output.o
  CC      drivers/mmc/core/mmc_ops.o
  CC      drivers/mmc/core/sd.o
  CC      drivers/mmc/core/sd_ops.o
  CC      drivers/mmc/core/sdio.o
  CC      net/ipv4/ip_sockglue.o
  CC      drivers/mmc/core/sdio_ops.o
  CC      net/ipv4/inet_hashtables.o
  CC      drivers/mmc/core/sdio_bus.o
  CC      drivers/mmc/core/sdio_cis.o
  CC      net/ipv4/inet_timewait_sock.o
  CC      drivers/mmc/core/sdio_io.o
  CC      drivers/mmc/core/sdio_irq.o
  CC      net/ipv4/inet_connection_sock.o
  CC      drivers/mmc/core/quirks.o
  CC      drivers/mmc/core/debugfs.o
  LD      drivers/mmc/core/mmc_core.o
  LD      drivers/mmc/core/built-in.o
  CC      drivers/mmc/host/mshci.o
  CC      net/ipv4/tcp.o
drivers/mmc/host/mshci.c:1363:13: warning: 'mshci_pre_req' defined but not used
drivers/mmc/host/mshci.c:1433:13: warning: 'mshci_post_req' defined but not used
  CC      drivers/mmc/host/mshci-s3c.o
drivers/mmc/host/mshci-s3c.c:594:13: warning: 'mshci_s3c_shutdown' defined but not used
  CC      net/ipv4/tcp_input.o
  CC      drivers/mmc/host/sdhci.o
  CC      drivers/mmc/host/sdhci-s3c.o
  LD      drivers/mmc/host/built-in.o
  LD      drivers/mmc/built-in.o
  CC      drivers/motor/max8997_vibrator.o
  CC      drivers/motor/tspdrv.o
  LD      drivers/motor/vibrator.o
  LD      drivers/motor/built-in.o
  CC      drivers/net/Space.o
  CC      net/ipv4/tcp_output.o
  CC      drivers/net/loopback.o
  CC      drivers/net/ppp_generic.o
  CC      net/ipv4/tcp_timer.o
  CC      drivers/net/ppp_async.o
  CC      net/ipv4/tcp_ipv4.o
  CC      drivers/net/ppp_deflate.o
  CC      drivers/net/bsd_comp.o
  CC      net/ipv4/tcp_minisocks.o
  CC      drivers/net/ppp_mppe.o
  CC      drivers/net/pppox.o
  CC      net/ipv4/tcp_cong.o
  CC      drivers/net/pppolac.o
  CC      net/ipv4/datagram.o
  CC      drivers/net/pppopns.o
  CC      net/ipv4/raw.o
  CC      drivers/net/slhc.o
  CC      net/ipv4/udp.o
  CC      drivers/net/tun.o
  LD      drivers/net/arm/built-in.o
  LD      drivers/net/wireless/built-in.o
  LD      drivers/net/wireless/bcmdhd/built-in.o
  CC [M]  drivers/net/wireless/bcmdhd/src/bcmsdio/sys/bcmsdh.o
  CC      net/ipv4/udplite.o
  CC      net/ipv4/arp.o
  CC [M]  drivers/net/wireless/bcmdhd/src/bcmsdio/sys/bcmsdh_linux.o
  CC [M]  drivers/net/wireless/bcmdhd/src/bcmsdio/sys/bcmsdh_sdmmc.o
  CC      net/ipv4/icmp.o
  CC [M]  drivers/net/wireless/bcmdhd/src/bcmsdio/sys/bcmsdh_sdmmc_linux.o
  CC      net/ipv4/devinet.o
  CC [M]  drivers/net/wireless/bcmdhd/src/dhd/sys/dhd_bta.o
  CC [M]  drivers/net/wireless/bcmdhd/src/dhd/sys/dhd_cdc.o
  CC      net/ipv4/af_inet.o
  CC [M]  drivers/net/wireless/bcmdhd/src/dhd/sys/dhd_common.o
  CC      net/ipv4/igmp.o
  CC [M]  drivers/net/wireless/bcmdhd/src/dhd/sys/dhd_custom_gpio.o
  CC [M]  drivers/net/wireless/bcmdhd/src/dhd/sys/dhd_custom_sec.o
  CC [M]  drivers/net/wireless/bcmdhd/src/dhd/sys/dhd_linux.o
drivers/net/wireless/bcmdhd/src/dhd/sys/dhd_linux.c: In function 'dhd_set_suspend':
drivers/net/wireless/bcmdhd/src/dhd/sys/dhd_linux.c:606:7: warning: unused variable 'iovbuf'
  CC      net/ipv4/fib_frontend.o
  CC      net/ipv4/fib_semantics.o
  CC [M]  drivers/net/wireless/bcmdhd/src/dhd/sys/dhd_linux_sched.o
  CC      net/ipv4/fib_trie.o
  CC [M]  drivers/net/wireless/bcmdhd/src/dhd/sys/dhd_cfg80211.o
  CC [M]  drivers/net/wireless/bcmdhd/src/dhd/sys/dhd_sdio.o
  CC      net/ipv4/inet_fragment.o
  CC      net/ipv4/ping.o
  CC      net/ipv4/sysctl_net_ipv4.o
  CC [M]  drivers/net/wireless/bcmdhd/src/shared/aiutils.o
  CC      net/ipv4/sysfs_net_ipv4.o
  CC      net/ipv4/proc.o
  CC [M]  drivers/net/wireless/bcmdhd/src/shared/bcmevent.o
  CC [M]  drivers/net/wireless/bcmdhd/src/shared/bcmutils.o
  CC      net/ipv4/fib_rules.o
  CC      net/ipv4/esp4.o
  CC [M]  drivers/net/wireless/bcmdhd/src/wl/bcmwifi/src/bcmwifi_channels.o
  CC      net/ipv4/tunnel4.o
  CC [M]  drivers/net/wireless/bcmdhd/src/shared/hndpmu.o
  CC      net/ipv4/xfrm4_mode_transport.o
  CC [M]  drivers/net/wireless/bcmdhd/src/shared/linux_osl.o
  CC      net/ipv4/netfilter.o
  CC [M]  drivers/net/wireless/bcmdhd/src/shared/sbutils.o
  CC      net/ipv4/netfilter/nf_nat_rule.o
  CC [M]  drivers/net/wireless/bcmdhd/src/shared/siutils.o
  CC      net/ipv4/netfilter/nf_nat_standalone.o
  CC      net/ipv4/netfilter/nf_conntrack_l3proto_ipv4_compat.o
  CC      net/ipv4/netfilter/nf_conntrack_l3proto_ipv4.o
  CC [M]  drivers/net/wireless/bcmdhd/src/wl/sys/wl_android.o
drivers/net/wireless/bcmdhd/src/wl/sys/wl_android.c: In function 'wl_android_priv_cmd':
drivers/net/wireless/bcmdhd/src/wl/sys/wl_android.c:1045:8: warning: unused variable 'mode'
  CC      net/ipv4/netfilter/nf_conntrack_proto_icmp.o
  CC [M]  drivers/net/wireless/bcmdhd/src/wl/sys/wl_cfg80211.o
  CC      net/ipv4/netfilter/nf_nat_core.o
  CC      net/ipv4/netfilter/nf_nat_helper.o
  CC      net/ipv4/netfilter/nf_nat_proto_unknown.o
  CC      net/ipv4/netfilter/nf_nat_proto_common.o
  CC      net/ipv4/netfilter/nf_nat_proto_tcp.o
  CC      net/ipv4/netfilter/nf_nat_proto_udp.o
  CC      net/ipv4/netfilter/nf_nat_proto_icmp.o
  CC      net/ipv4/netfilter/nf_defrag_ipv4.o
  CC      net/ipv4/netfilter/nf_nat_amanda.o
  CC      net/ipv4/netfilter/nf_nat_ftp.o
  CC      net/ipv4/netfilter/nf_nat_h323.o
  CC [M]  drivers/net/wireless/bcmdhd/src/wl/sys/wl_cfgp2p.o
  CC      net/ipv4/netfilter/nf_nat_irc.o
  CC [M]  drivers/net/wireless/bcmdhd/src/wl/sys/wldev_common.o
  CC      net/ipv4/netfilter/nf_nat_pptp.o
  CC [M]  drivers/net/wireless/bcmdhd/src/wl/sys/wl_linux_mon.o
  CC      net/ipv4/netfilter/nf_nat_sip.o
  CC [M]  drivers/net/wireless/bcmdhd/src/wl/sys/wl_roam.o
  CC      net/ipv4/netfilter/nf_nat_tftp.o
  LD [M]  drivers/net/wireless/bcmdhd/dhd.o
  LD      drivers/net/built-in.o
  LD      drivers/nfc/built-in.o
  LD      drivers/platform/built-in.o
  CC      drivers/power/power_supply_core.o
  CC      net/ipv4/netfilter/nf_nat_proto_dccp.o
  CC      drivers/power/power_supply_sysfs.o
  CC      net/ipv4/netfilter/nf_nat_proto_gre.o
  CC      drivers/power/max8997_charger_u1.o
  CC      net/ipv4/netfilter/nf_nat_proto_udplite.o
  CC      drivers/power/max8922_charger_u1.o
drivers/power/max8922_charger_u1.c:135:20: warning: 'max8922_chg_ing_irq' defined but not used
  CC      drivers/power/sec_battery_u1.o
  CC      net/ipv4/netfilter/nf_nat_proto_sctp.o
  CC      net/ipv4/netfilter/ip_tables.o
  CC      drivers/power/max17042_fuelgauge_u1.o
  LD      drivers/power/power_supply.o
  LD      drivers/power/built-in.o
  CC      drivers/regulator/core.o
  CC      net/ipv4/netfilter/iptable_filter.o
  CC      net/ipv4/netfilter/iptable_mangle.o
  LD      net/ipv4/netfilter/iptable_nat.o
  CC      net/ipv4/netfilter/iptable_raw.o
  CC      drivers/regulator/dummy.o
  CC      drivers/regulator/fixed.o
  CC      net/ipv4/netfilter/ipt_ah.o
  CC      drivers/regulator/max8997.o
  CC      net/ipv4/netfilter/ipt_ecn.o
  CC      net/ipv4/netfilter/ipt_LOG.o
  LD      drivers/regulator/built-in.o
In file included from net/ipv4/netfilter/ipt_LOG.c:27:0:
include/net/netfilter/xt_log.h: In function 'sb_close':
include/net/netfilter/xt_log.h:50:3: warning: value computed is not used
  CC      net/ipv4/netfilter/ipt_MASQUERADE.o
  CC      drivers/rtc/rtc-lib.o
  CC      net/ipv4/netfilter/ipt_NETMAP.o
  CC      drivers/rtc/hctosys.o
  CC      drivers/rtc/class.o
  CC      net/ipv4/netfilter/ipt_REDIRECT.o
  CC      drivers/rtc/interface.o
  CC      net/ipv4/netfilter/ipt_REJECT.o
  CC      drivers/rtc/rtc-dev.o
  CC      net/ipv4/netfilter/arp_tables.o
  CC      drivers/rtc/rtc-proc.o
  CC      drivers/rtc/rtc-sysfs.o
  CC      drivers/rtc/alarm.o
  CC      net/ipv4/netfilter/arpt_mangle.o
  CC      drivers/rtc/alarm-dev.o
  CC      net/ipv4/netfilter/arptable_filter.o
  CC      drivers/rtc/rtc-max8997.o
  LD      net/ipv4/netfilter/nf_conntrack_ipv4.o
  LD      net/ipv4/netfilter/nf_nat.o
  LD      net/ipv4/netfilter/built-in.o
  CC      net/ipv4/inet_diag.o
  CC      drivers/rtc/rtc-s3c.o
  LD      drivers/rtc/rtc-core.o
  LD      drivers/rtc/built-in.o
  LD      drivers/samsung/fm_si4709/built-in.o
  CC      net/ipv4/tcp_diag.o
  CC [M]  drivers/samsung/fm_si4709/Si4709_dev.o
  CC      net/ipv4/tcp_cubic.o
  CC [M]  drivers/samsung/fm_si4709/Si4709_i2c_drv.o
  CC      net/ipv4/xfrm4_policy.o
  CC      net/ipv4/xfrm4_state.o
  CC [M]  drivers/samsung/fm_si4709/Si4709_main.o
  CC      net/ipv4/xfrm4_input.o
  LD [M]  drivers/samsung/fm_si4709/Si4709_driver.o
  LD      drivers/samsung/j4fs/built-in.o
  CC [M]  drivers/samsung/j4fs/j4fs_kernel.o
drivers/samsung/j4fs/j4fs_kernel.c: In function 'j4fs_write_begin':
drivers/samsung/j4fs/j4fs_kernel.c:237:3: warning: format '%d' expects type 'int', but argument 4 has type 'loff_t'
drivers/samsung/j4fs/j4fs_kernel.c:237:3: warning: format '%d' expects type 'int', but argument 5 has type 'long unsigned int'
drivers/samsung/j4fs/j4fs_kernel.c: In function 'j4fs_mount':
drivers/samsung/j4fs/j4fs_kernel.c:1329:2: warning: return makes integer from pointer without a cast
drivers/samsung/j4fs/j4fs_kernel.c: At top level:
drivers/samsung/j4fs/j4fs_kernel.c:1389:2: warning: initialization from incompatible pointer type
drivers/samsung/j4fs/j4fs_kernel.c:1499:2: warning: initialization from incompatible pointer type
  CC      net/ipv4/xfrm4_output.o
drivers/samsung/j4fs/j4fs_kernel.c: In function 'j4fs_readdir':
drivers/samsung/j4fs/j4fs_kernel.c:806:1: warning: the frame size of 1040 bytes is larger than 1024 bytes
  LD      net/ipv4/built-in.o
  CC [M]  drivers/samsung/j4fs/llid_kernel.o
  CC      net/ipv6/af_inet6.o
drivers/samsung/j4fs/llid_kernel.c: In function 'FlashDevRead':
drivers/samsung/j4fs/llid_kernel.c:98:4: warning: passing argument 1 of 'printk' makes pointer from integer without a cast
include/linux/printk.h:126:5: note: expected 'const char *' but argument is of type 'int'
drivers/samsung/j4fs/llid_kernel.c:65:6: warning: unused variable 'part_id'
drivers/samsung/j4fs/llid_kernel.c:63:12: warning: unused variable 'nVol'
drivers/samsung/j4fs/llid_kernel.c: In function 'FlashDevWrite':
drivers/samsung/j4fs/llid_kernel.c:156:3: warning: passing argument 1 of 'printk' makes pointer from integer without a cast
include/linux/printk.h:126:5: note: expected 'const char *' but argument is of type 'int'
drivers/samsung/j4fs/llid_kernel.c:123:6: warning: unused variable 'part_id'
drivers/samsung/j4fs/llid_kernel.c:121:12: warning: unused variable 'nVol'
  CC [M]  drivers/samsung/j4fs/fsd_common.o
drivers/samsung/j4fs/fsd_common.c: In function 'fsd_write':
drivers/samsung/j4fs/fsd_common.c:300:2: warning: ISO C90 forbids mixed declarations and code
drivers/samsung/j4fs/fsd_common.c: In function 'fsd_reclaim':
drivers/samsung/j4fs/fsd_common.c:1270:2: warning: ISO C90 forbids mixed declarations and code
  CC      net/ipv6/anycast.o
  LD [M]  drivers/samsung/j4fs/j4fs.o
  LD      drivers/samsung/built-in.o
  CC      drivers/scsi/scsi.o
  CC      net/ipv6/ip6_output.o
  CC      drivers/scsi/hosts.o
  CC      drivers/scsi/scsi_ioctl.o
  CC      drivers/scsi/constants.o
  CC      net/ipv6/ip6_input.o
  CC      drivers/scsi/scsicam.o
  CC      net/ipv6/addrconf.o
  CC      drivers/scsi/scsi_error.o
  CC      drivers/scsi/scsi_lib.o
  CC      drivers/scsi/scsi_lib_dma.o
  CC      drivers/scsi/scsi_scan.o
  CC      net/ipv6/addrlabel.o
  CC      net/ipv6/route.o
  CC      drivers/scsi/scsi_sysfs.o
  CC      drivers/scsi/scsi_devinfo.o
  CC      drivers/scsi/scsi_sysctl.o
  CC      drivers/scsi/scsi_proc.o
  CC      net/ipv6/ip6_fib.o
  CC      drivers/scsi/scsi_trace.o
  CC      drivers/scsi/scsi_pm.o
  CC      net/ipv6/ipv6_sockglue.o
  CC      drivers/scsi/sd.o
  CC      net/ipv6/ndisc.o
  LD      drivers/scsi/arm/built-in.o
  LD      drivers/scsi/sd_mod.o
  CC      drivers/scsi/sg.o
  CC      net/ipv6/udp.o
  CC [M]  drivers/scsi/scsi_wait_scan.o
  LD      drivers/scsi/scsi_mod.o
  LD      drivers/scsi/built-in.o
  CC      drivers/sensor/sensors_core.o
  CC      drivers/sensor/ak8975.o
  CC      drivers/sensor/cm3663.o
  CC      net/ipv6/udplite.o
  CC      net/ipv6/raw.o
  CC      drivers/sensor/k3g.o
  CC      drivers/sensor/k3dh.o
  CC      net/ipv6/protocol.o
  LD      drivers/sensor/built-in.o
  CC      drivers/spi/spi.o
  CC      net/ipv6/icmp.o
  CC      net/ipv6/mcast.o
  CC      drivers/spi/spi_bitbang.o
  CC      drivers/spi/spi_gpio.o
  LD      drivers/spi/built-in.o
  CC      drivers/staging/staging.o
  CC      drivers/staging/android/binder.o
  CC      net/ipv6/reassembly.o
  CC      net/ipv6/tcp_ipv6.o
  CC      drivers/staging/android/ram_console.o
  CC      drivers/staging/android/timed_output.o
  CC      drivers/staging/android/timed_gpio.o
  CC      drivers/staging/android/lowmemorykiller.o
  CC [M]  drivers/staging/android/logger.o
  CC      net/ipv6/exthdrs.o
  LD      drivers/staging/android/built-in.o
  LD      drivers/staging/generic_serial/built-in.o
  LD      drivers/staging/tty/built-in.o
  LD      drivers/staging/built-in.o
  CC      drivers/switch/switch_class.o
  CC      drivers/switch/switch_gpio.o
  CC      net/ipv6/datagram.o
  LD      drivers/switch/built-in.o
  CC      drivers/tty/tty_io.o
  CC      drivers/tty/n_tty.o
  CC      net/ipv6/ip6_flowlabel.o
  CC      net/ipv6/inet6_connection_sock.o
  CC      drivers/tty/tty_ioctl.o
  CC      net/ipv6/sysctl_net_ipv6.o
  CC      net/ipv6/xfrm6_policy.o
  CC      drivers/tty/tty_ldisc.o
  CC      net/ipv6/xfrm6_state.o
  CC      drivers/tty/tty_buffer.o
  CC      drivers/tty/tty_port.o
  CC      net/ipv6/xfrm6_input.o
  CC      drivers/tty/tty_mutex.o
  CC      net/ipv6/xfrm6_output.o
  CC      drivers/tty/pty.o
  CC      net/ipv6/netfilter.o
  CC      drivers/tty/sysrq.o
  CC      net/ipv6/fib6_rules.o
  LD      drivers/tty/ipwireless/built-in.o
  CC      drivers/tty/serial/serial_core.o
  CC      net/ipv6/proc.o
  CC      net/ipv6/ah6.o
  CC      drivers/tty/serial/8250.o
  CC      net/ipv6/esp6.o
  CC      net/ipv6/ipcomp6.o
  CC      net/ipv6/xfrm6_tunnel.o
  CC      drivers/tty/serial/samsung.o
  CC      net/ipv6/tunnel6.o
  CC      drivers/tty/serial/s5pv210.o
  CC      net/ipv6/xfrm6_mode_transport.o
  LD      drivers/tty/serial/built-in.o
  CC      drivers/tty/vt/vt_ioctl.o
  CC      net/ipv6/xfrm6_mode_tunnel.o
  CC      net/ipv6/xfrm6_mode_beet.o
  CC      drivers/tty/vt/vc_screen.o
  CC      net/ipv6/mip6.o
  CC      drivers/tty/vt/selection.o
  CC      net/ipv6/netfilter/ip6_tables.o
  CC      drivers/tty/vt/keyboard.o
  CC      drivers/tty/vt/consolemap.o
  CC      net/ipv6/netfilter/ip6table_filter.o
  CC      net/ipv6/netfilter/ip6table_mangle.o
  CONMK   drivers/tty/vt/consolemap_deftbl.c
  CC      drivers/tty/vt/vt.o
  CC      net/ipv6/netfilter/ip6table_raw.o
  CC      net/ipv6/netfilter/nf_conntrack_l3proto_ipv6.o
  CC      net/ipv6/netfilter/nf_conntrack_proto_icmpv6.o
  CC      net/ipv6/netfilter/nf_defrag_ipv6_hooks.o
  CC      net/ipv6/netfilter/nf_conntrack_reasm.o
  SHIPPED drivers/tty/vt/defkeymap.c
  CC      drivers/tty/vt/consolemap_deftbl.o
  CC      drivers/tty/vt/defkeymap.o
  LD      drivers/tty/vt/built-in.o
  LD      drivers/tty/built-in.o
  CC      drivers/usb/class/usblp.o
  CC      net/ipv6/netfilter/ip6t_LOG.o
In file included from net/ipv6/netfilter/ip6t_LOG.c:26:0:
include/net/netfilter/xt_log.h: In function 'sb_close':
include/net/netfilter/xt_log.h:50:3: warning: value computed is not used
  LD      drivers/usb/class/built-in.o
  CC      drivers/usb/core/usb.o
  CC      net/ipv6/netfilter/ip6t_REJECT.o
  CC      drivers/usb/core/hub.o
  LD      net/ipv6/netfilter/nf_conntrack_ipv6.o
  LD      net/ipv6/netfilter/nf_defrag_ipv6.o
  LD      net/ipv6/netfilter/built-in.o
  CC      net/ipv6/sit.o
  CC      net/ipv6/ip6_tunnel.o
  CC      drivers/usb/core/hcd.o
  CC      net/ipv6/addrconf_core.o
  CC      net/ipv6/exthdrs_core.o
  CC      net/ipv6/inet6_hashtables.o
  CC      drivers/usb/core/urb.o
  LD      net/ipv6/ipv6.o
  LD      net/ipv6/built-in.o
  CC      drivers/usb/core/message.o
  CC      net/key/af_key.o
  CC      drivers/usb/core/driver.o
  LD      net/key/built-in.o
  CC      drivers/usb/core/config.o
  CC      net/netfilter/core.o
  CC      net/netfilter/nf_log.o
  CC      drivers/usb/core/file.o
  CC      drivers/usb/core/buffer.o
  CC      net/netfilter/nf_queue.o
  CC      drivers/usb/core/sysfs.o
  CC      net/netfilter/nf_sockopt.o
  CC      drivers/usb/core/endpoint.o
  CC      net/netfilter/nf_conntrack_core.o
  CC      drivers/usb/core/devio.o
  CC      drivers/usb/core/notify.o
  CC      net/netfilter/nf_conntrack_standalone.o
  CC      drivers/usb/core/generic.o
  CC      drivers/usb/core/quirks.o
  CC      net/netfilter/nf_conntrack_expect.o
  CC      drivers/usb/core/devices.o
  CC      drivers/usb/core/inode.o
  CC      net/netfilter/nf_conntrack_helper.o
  LD      drivers/usb/core/usbcore.o
  LD      drivers/usb/core/built-in.o
  CC      drivers/usb/gadget/s3c_udc_otg.o
  CC      net/netfilter/nf_conntrack_proto.o
  CC      net/netfilter/nf_conntrack_l3proto_generic.o
  CC      net/netfilter/nf_conntrack_proto_generic.o
  CC      drivers/usb/gadget/android.o
  CC      net/netfilter/nf_conntrack_proto_tcp.o
In file included from drivers/usb/gadget/android.c:64:0:
drivers/usb/gadget/f_diag.c: In function 'usb_config_work_func':
drivers/usb/gadget/f_diag.c:143:21: warning: unused variable 's'
drivers/usb/gadget/f_diag.c:142:29: warning: unused variable 'table'
drivers/usb/gadget/f_diag.c:141:28: warning: unused variable 'cdev'
drivers/usb/gadget/android.c: In function 'diag_function_bind_config':
drivers/usb/gadget/android.c:845:6: warning: unused variable 'once'
drivers/usb/gadget/android.c: At top level:
drivers/usb/gadget/f_mtp_samsung.c:708:13: warning: 'interrupt_complete' defined but not used
  CC      net/netfilter/nf_conntrack_proto_udp.o
  CC      net/netfilter/nf_conntrack_extend.o
  CC      net/netfilter/nf_conntrack_acct.o
  CC      net/netfilter/nf_conntrack_ecache.o
  CC      net/netfilter/nf_conntrack_h323_main.o
  CC      net/netfilter/nf_conntrack_h323_asn1.o
  CC      net/netfilter/nfnetlink.o
  CC      net/netfilter/nfnetlink_queue.o
  CC      net/netfilter/nfnetlink_log.o
  LD      net/netfilter/nf_conntrack.o
  CC      net/netfilter/nf_conntrack_proto_dccp.o
  CC      net/netfilter/nf_conntrack_proto_gre.o
  CC      drivers/usb/gadget/multi_config.o
  CC      net/netfilter/nf_conntrack_proto_sctp.o
  LD      drivers/usb/gadget/g_android.o
  LD      drivers/usb/gadget/built-in.o
  CC      drivers/usb/host/shost/shost_driver.o
  CC      net/netfilter/nf_conntrack_proto_udplite.o
  CC      net/netfilter/nf_conntrack_netlink.o
  CC      drivers/usb/host/shost/shost_scheduler.o
  CC      drivers/usb/host/shost/shost_transferchecker.o
  CC      net/netfilter/nf_conntrack_amanda.o
  LD      drivers/usb/host/shost/shost_hcd.o
  LD      drivers/usb/host/shost/built-in.o
  CC      drivers/usb/host/ehci-hcd.o
  CC      net/netfilter/nf_conntrack_ftp.o
  LD      net/netfilter/nf_conntrack_h323.o
  CC      net/netfilter/nf_conntrack_irc.o
  CC      net/netfilter/nf_conntrack_broadcast.o
  CC      net/netfilter/nf_conntrack_netbios_ns.o
  CC      net/netfilter/nf_conntrack_pptp.o
  CC      net/netfilter/nf_conntrack_sane.o
  LD      drivers/usb/host/built-in.o
  CC      net/netfilter/nf_conntrack_sip.o
  LD      drivers/usb/misc/built-in.o
  CC      drivers/usb/mon/mon_main.o
  CC      drivers/usb/mon/mon_stat.o
  CC      drivers/usb/mon/mon_text.o
  CC      net/netfilter/nf_conntrack_tftp.o
  CC      drivers/usb/mon/mon_bin.o
  CC      net/netfilter/nf_tproxy_core.o
  CC      net/netfilter/x_tables.o
  LD      drivers/usb/mon/usbmon.o
  LD      drivers/usb/mon/built-in.o
  CC      drivers/usb/notify/host_notify_class.o
  CC      drivers/usb/notify/host_notifier.o
  LD      drivers/usb/notify/built-in.o
  CC      net/netfilter/xt_tcpudp.o
  CC      drivers/usb/storage/scsiglue.o
  CC      net/netfilter/xt_mark.o
  CC      drivers/usb/storage/protocol.o
  CC      net/netfilter/xt_connmark.o
  CC      drivers/usb/storage/transport.o
  CC      net/netfilter/xt_CLASSIFY.o
  CC      net/netfilter/xt_NFLOG.o
  CC      drivers/usb/storage/usb.o
  CC      net/netfilter/xt_NFQUEUE.o
  CC      net/netfilter/xt_TPROXY.o
  CC      drivers/usb/storage/initializers.o
  CC      drivers/usb/storage/sierra_ms.o
  CC      net/netfilter/xt_comment.o
  CC      drivers/usb/storage/option_ms.o
  CC      net/netfilter/xt_connbytes.o
  CC      drivers/usb/storage/usual-tables.o
  LD      drivers/usb/storage/usb-storage.o
  LD      drivers/usb/storage/built-in.o
  LD      drivers/usb/built-in.o
  CC      net/netfilter/xt_connlimit.o
  CC      drivers/video/fb_notify.o
  CC      drivers/video/fbmem.o
  CC      net/netfilter/xt_conntrack.o
  CC      net/netfilter/xt_hashlimit.o
  CC      drivers/video/fbmon.o
  CC      net/netfilter/xt_helper.o
  CC      net/netfilter/xt_hl.o
  CC      drivers/video/fbcmap.o
  CC      net/netfilter/xt_iprange.o
  CC      drivers/video/fbsysfs.o
  CC      net/netfilter/xt_length.o
  CC      drivers/video/modedb.o
  CC      net/netfilter/xt_limit.o
  CC      drivers/video/fbcvt.o
  CC      net/netfilter/xt_mac.o
  CC      net/netfilter/xt_pkttype.o
  CC      drivers/video/backlight/lcd.o
  CC      net/netfilter/xt_policy.o
  CC      drivers/video/backlight/backlight.o
  LD      drivers/video/backlight/built-in.o
  CC      drivers/video/console/dummycon.o
  CC      net/netfilter/xt_qtaguid_print.o
  LD      drivers/video/console/built-in.o
  LD      drivers/video/display/built-in.o
  LD      drivers/video/omap2/displays/built-in.o
  LD      drivers/video/omap2/built-in.o
  CC      net/netfilter/xt_qtaguid.o
  CC      drivers/video/samsung/s3cfb_main.o
  CC      drivers/video/samsung/s3cfb_ops.o
  CC      net/netfilter/xt_quota.o
  CC      drivers/video/samsung/lcdfreq.o
  CC      net/netfilter/xt_quota2.o
  CC      drivers/video/samsung/s3cfb_fimd6x.o
  CC      net/netfilter/xt_socket.o
  CC      net/netfilter/xt_state.o
  CC      drivers/video/samsung/ld9040.o
  CC      net/netfilter/xt_statistic.o
  CC      drivers/video/samsung/smart_dimming_ld9042.o
  CC      net/netfilter/xt_string.o
  CC      net/netfilter/xt_time.o
  CC      drivers/video/samsung/s3cfb_mdnie.o
  CC      net/netfilter/xt_u32.o
  CC      drivers/video/samsung/s3cfb_ielcd.o
  LD      net/netfilter/netfilter.o
  LD      net/netfilter/built-in.o
  CC      drivers/video/samsung/mdnie.o
  CC      net/netlink/af_netlink.o
drivers/video/samsung/mdnie.c: In function 'set_mdnie_value':
drivers/video/samsung/mdnie.c:181:6: warning: comparison between 'enum SCENARIO' and 'enum SCENARIO_COLOR_TONE'
drivers/video/samsung/mdnie.c:181:6: warning: comparison between 'enum SCENARIO' and 'enum SCENARIO_COLOR_TONE'
  CC      drivers/video/samsung/mdnie_tunning.o
  LD      drivers/video/samsung/s3cfb.o
  LD      drivers/video/samsung/built-in.o
  CC      drivers/video/cfbfillrect.o
  CC      drivers/video/cfbcopyarea.o
  CC      drivers/video/cfbimgblt.o
  CC      net/netlink/genetlink.o
  LD      drivers/video/fb.o
  LD      drivers/video/built-in.o
  LD      drivers/built-in.o
  LD      net/netlink/built-in.o
  CC      net/packet/af_packet.o
  LD      arch/arm/lib/built-in.o
  AS      arch/arm/lib/ashldi3.o
  AS      arch/arm/lib/ashrdi3.o
  AS      arch/arm/lib/backtrace.o
  AS      arch/arm/lib/changebit.o
  AS      arch/arm/lib/clear_user.o
  AS      arch/arm/lib/clearbit.o
  AS      arch/arm/lib/copy_from_user.o
  AS      arch/arm/lib/copy_page.o
  AS      arch/arm/lib/copy_to_user.o
  AS      arch/arm/lib/csumipv6.o
  AS      arch/arm/lib/csumpartial.o
  AS      arch/arm/lib/csumpartialcopy.o
  AS      arch/arm/lib/csumpartialcopyuser.o
  AS      arch/arm/lib/delay.o
  AS      arch/arm/lib/div64.o
  AS      arch/arm/lib/findbit.o
  AS      arch/arm/lib/getuser.o
  AS      arch/arm/lib/io-readsb.o
  AS      arch/arm/lib/io-readsl.o
  AS      arch/arm/lib/io-readsw-armv4.o
  AS      arch/arm/lib/io-writesb.o
  AS      arch/arm/lib/io-writesl.o
  AS      arch/arm/lib/io-writesw-armv4.o
  AS      arch/arm/lib/lib1funcs.o
  AS      arch/arm/lib/lshrdi3.o
  AS      arch/arm/lib/memchr.o
  AS      arch/arm/lib/memcpy.o
  AS      arch/arm/lib/memmove.o
  AS      arch/arm/lib/memset.o
  LD      net/packet/built-in.o
  AS      arch/arm/lib/memzero.o
  AS      arch/arm/lib/muldi3.o
  CC      net/phonet/pn_dev.o
  AS      arch/arm/lib/putuser.o
  AS      arch/arm/lib/setbit.o
  AS      arch/arm/lib/sha1.o
  AS      arch/arm/lib/strchr.o
  AS      arch/arm/lib/strncpy_from_user.o
  AS      arch/arm/lib/strnlen_user.o
  AS      arch/arm/lib/strrchr.o
  AS      arch/arm/lib/testchangebit.o
  AS      arch/arm/lib/testclearbit.o
  AS      arch/arm/lib/testsetbit.o
  AS      arch/arm/lib/ucmpdi2.o
  AR      arch/arm/lib/lib.a
  CC      net/rfkill/core.o
  CC      net/phonet/pn_netlink.o
  CC      net/phonet/socket.o
  LD      net/rfkill/rfkill.o
  LD      net/rfkill/built-in.o
  CC      net/sched/sch_generic.o
  CC      net/phonet/datagram.o
  CC      net/sched/sch_mq.o
  CC      net/phonet/sysctl.o
  CC      net/phonet/af_phonet.o
  CC      net/sched/sch_api.o
  CC      net/phonet/pep.o
  CC      net/sched/sch_blackhole.o
  CC      net/phonet/pep-gprs.o
  CC      net/sched/cls_api.o
  LD      net/phonet/phonet.o
  LD      net/phonet/pn_pep.o
  LD      net/phonet/built-in.o
  CC      net/sched/act_api.o
  CC      net/sched/act_police.o
  CC      net/sched/act_gact.o
  CC      lib/bcd.o
  CC      net/sched/act_mirred.o
  CC      lib/div64.o
  CC      lib/sort.o
  CC      lib/parser.o
  CC      net/sched/sch_fifo.o
  CC      lib/halfmd4.o
  CC      lib/debug_locks.o
  CC      net/sched/sch_htb.o
  CC      lib/random32.o
  CC      lib/bust_spinlocks.o
  CC      lib/hexdump.o
  CC      lib/kasprintf.o
  CC      lib/bitmap.o
  CC      net/sched/sch_ingress.o
  CC      lib/scatterlist.o
  CC      net/sched/cls_u32.o
  CC      lib/string_helpers.o
  CC      lib/gcd.o
  CC      lib/lcm.o
  CC      net/sched/ematch.o
  CC      lib/list_sort.o
  CC      lib/uuid.o
  CC      net/sched/em_u32.o
  LD      net/sched/built-in.o
  CC      net/unix/af_unix.o
  CC      lib/flex_array.o
  CC      lib/bsearch.o
  CC      lib/find_last_bit.o
  CC      lib/kstrtox.o
  CC      lib/iomap_copy.o
  CC      lib/devres.o
  CC      lib/hweight.o
  CC      net/unix/garbage.o
  CC      lib/bitrev.o
  CC      lib/crc-ccitt.o
  CC      lib/crc16.o
  HOSTCC  lib/gen_crc32table
  CC      net/unix/sysctl_net_unix.o
  LD      net/unix/unix.o
  LD      net/unix/built-in.o
  CC      net/wireless/core.o
  CC      net/wireless/sysfs.o
  CC      lib/libcrc32c.o
  CC      lib/genalloc.o
  CC      net/wireless/radiotap.o
  CC      lib/reed_solomon/reed_solomon.o
  CC      net/wireless/util.o
  LD      lib/reed_solomon/built-in.o
  CC      lib/zlib_deflate/deflate.o
  CC      net/wireless/reg.o
  CC      lib/zlib_deflate/deftree.o
  CC      net/wireless/scan.o
  CC      lib/zlib_deflate/deflate_syms.o
  CC      net/wireless/nl80211.o
  LD      lib/zlib_deflate/zlib_deflate.o
  LD      lib/zlib_deflate/built-in.o
  CC      lib/zlib_inflate/inffast.o
  CC      lib/zlib_inflate/inflate.o
  CC      lib/zlib_inflate/infutil.o
  CC      lib/zlib_inflate/inftrees.o
  CC      lib/zlib_inflate/inflate_syms.o
  LD      lib/zlib_inflate/zlib_inflate.o
  LD      lib/zlib_inflate/built-in.o
  CC      lib/textsearch.o
  CC      lib/ts_kmp.o
  CC      lib/ts_bm.o
  CC      lib/ts_fsm.o
  CC      lib/percpu_counter.o
  CC      lib/nlattr.o
  CC      lib/cpu_rmap.o
  CC      lib/argv_split.o
  CC      net/wireless/mlme.o
  CC      lib/cmdline.o
  CC      lib/cpumask.o
  CC      lib/ctype.o
  CC      lib/dec_and_lock.o
  CC      lib/decompress.o
  CC      lib/decompress_inflate.o
  CC      net/wireless/ibss.o
  CC      lib/dump_stack.o
  CC      lib/extable.o
  CC      lib/find_next_bit.o
  CC      lib/idr.o
  CC      net/wireless/sme.o
  CC      lib/int_sqrt.o
  CC      lib/ioremap.o
  CC      lib/irq_regs.o
  CC      net/wireless/chan.o
  CC      lib/is_single_threaded.o
  CC      lib/klist.o
  CC      net/wireless/ethtool.o
  CC      lib/kobject.o
  CC      net/wireless/mesh.o
  CC      lib/kobject_uevent.o
  CC      net/wireless/wext-compat.o
  CC      lib/kref.o
  CC      lib/md5.o
  CC      lib/plist.o
  CC      lib/prio_heap.o
  CC      net/wireless/wext-sme.o
  CC      lib/prio_tree.o
  CC      net/wireless/wext-core.o
  CC      lib/proportions.o
  CC      lib/radix-tree.o
  CC      net/wireless/wext-proc.o
  LD      net/wireless/cfg80211.o
  LD      net/wireless/built-in.o
  CC      net/xfrm/xfrm_policy.o
  CC      lib/ratelimit.o
  CC      lib/rbtree.o
  CC      lib/reciprocal_div.o
  CC      lib/rwsem-spinlock.o
  CC      lib/sha1.o
  CC      lib/show_mem.o
  CC      lib/string.o
  CC      lib/timerqueue.o
  CC      net/xfrm/xfrm_state.o
  CC      lib/vsprintf.o
  GEN     lib/crc32table.h
  AR      lib/lib.a
  CC      lib/crc32.o
  LD      lib/built-in.o
  CC      net/xfrm/xfrm_hash.o
  CC      net/sysctl_net.o
  CC      net/xfrm/xfrm_input.o
  CC      net/activity_stats.o
  CC      net/xfrm/xfrm_output.o
  CC      net/xfrm/xfrm_algo.o
  CC      net/xfrm/xfrm_sysctl.o
  CC      net/xfrm/xfrm_replay.o
  CC      net/xfrm/xfrm_ipcomp.o
  LD      net/xfrm/built-in.o
  LD      net/built-in.o
  LD      vmlinux.o
  MODPOST vmlinux.o
WARNING: modpost: Found 1 section mismatch(es).
To see full details build your kernel with:
'make CONFIG_DEBUG_SECTION_MISMATCH=y'
  GEN     .version
  CHK     include/generated/compile.h
  LD      .tmp_vmlinux1
  KSYM    .tmp_kallsyms1.S
  AS      .tmp_kallsyms1.o
  LD      .tmp_vmlinux2
  KSYM    .tmp_kallsyms2.S
  AS      .tmp_kallsyms2.o
  LD      vmlinux
  SYSMAP  System.map
  SYSMAP  .tmp_System.map
  OBJCOPY arch/arm/boot/Image
  Building modules, stage 2.
  MODPOST 5 modules
  Kernel: arch/arm/boot/Image is ready
  AS      arch/arm/boot/compressed/head.o
  CC      drivers/net/wireless/bcmdhd/dhd.mod.o
  GZIP    arch/arm/boot/compressed/piggy.gzip
  CC      drivers/samsung/fm_si4709/Si4709_driver.mod.o
  CC      drivers/samsung/j4fs/j4fs.mod.o
  CC      drivers/scsi/scsi_wait_scan.mod.o
  CC      drivers/staging/android/logger.mod.o
  LD [M]  drivers/net/wireless/bcmdhd/dhd.ko
  LD [M]  drivers/samsung/fm_si4709/Si4709_driver.ko
  LD [M]  drivers/samsung/j4fs/j4fs.ko
  LD [M]  drivers/scsi/scsi_wait_scan.ko
  LD [M]  drivers/staging/android/logger.ko
  CC      arch/arm/boot/compressed/misc.o
  CC      arch/arm/boot/compressed/decompress.o
  SHIPPED arch/arm/boot/compressed/lib1funcs.S
  AS      arch/arm/boot/compressed/piggy.gzip.o
  AS      arch/arm/boot/compressed/lib1funcs.o
  LD      arch/arm/boot/compressed/vmlinux
  OBJCOPY arch/arm/boot/zImage
/home/umberto/Scrivania/speedwizzkernel_2.0_update7/kernel/scripts/mk_fipsbinary.sh arch/arm/boot/zImage
Make kernel fips binary..
Done.
  Kernel: arch/arm/boot/zImage is ready
